Component: ARM Compiler 5.06 update 7 (build 960) Tool: armlink [4d3601]

==============================================================================

Section Cross References

    startup_stm32f103xe.o(RESET) refers to startup_stm32f103xe.o(STACK) for __initial_sp
    startup_stm32f103xe.o(RESET) refers to startup_stm32f103xe.o(.text) for Reset_Handler
    startup_stm32f103xe.o(RESET) refers to stm32f1xx_it.o(i.NMI_Handler) for NMI_Handler
    startup_stm32f103xe.o(RESET) refers to stm32f1xx_it.o(i.HardFault_Handler) for HardFault_Handler
    startup_stm32f103xe.o(RESET) refers to stm32f1xx_it.o(i.MemManage_Handler) for MemManage_Handler
    startup_stm32f103xe.o(RESET) refers to stm32f1xx_it.o(i.BusFault_Handler) for BusFault_Handler
    startup_stm32f103xe.o(RESET) refers to stm32f1xx_it.o(i.UsageFault_Handler) for UsageFault_Handler
    startup_stm32f103xe.o(RESET) refers to stm32f1xx_it.o(i.SVC_Handler) for SVC_Handler
    startup_stm32f103xe.o(RESET) refers to stm32f1xx_it.o(i.DebugMon_Handler) for DebugMon_Handler
    startup_stm32f103xe.o(RESET) refers to stm32f1xx_it.o(i.PendSV_Handler) for PendSV_Handler
    startup_stm32f103xe.o(RESET) refers to stm32f1xx_it.o(i.SysTick_Handler) for SysTick_Handler
    startup_stm32f103xe.o(RESET) refers to stm32f1xx_it.o(i.TIM2_IRQHandler) for TIM2_IRQHandler
    startup_stm32f103xe.o(RESET) refers to stm32f1xx_it.o(i.USART1_IRQHandler) for USART1_IRQHandler
    startup_stm32f103xe.o(RESET) refers to stm32f1xx_it.o(i.USART2_IRQHandler) for USART2_IRQHandler
    startup_stm32f103xe.o(RESET) refers to stm32f1xx_it.o(i.USART3_IRQHandler) for USART3_IRQHandler
    startup_stm32f103xe.o(.text) refers to system_stm32f1xx.o(i.SystemInit) for SystemInit
    startup_stm32f103xe.o(.text) refers to entry.o(.ARM.Collect$$$$00000000) for __main
    main.o(i.HAL_TIM_PeriodElapsedCallback) refers to time.o(i.Tick) for Tick
    main.o(i.HAL_TIM_PeriodElapsedCallback) refers to display.o(i.RefreshScreen) for RefreshScreen
    main.o(i.HAL_TIM_PeriodElapsedCallback) refers to stm32f1xx_hal_gpio.o(i.HAL_GPIO_TogglePin) for HAL_GPIO_TogglePin
    main.o(i.HAL_TIM_PeriodElapsedCallback) refers to tim.o(.bss) for htim2
    main.o(i.HAL_TIM_PeriodElapsedCallback) refers to time.o(.bss) for CURRENT_TIME
    main.o(i.SystemClock_Config) refers to memseta.o(.text) for __aeabi_memclr4
    main.o(i.SystemClock_Config) refers to stm32f1xx_hal_rcc.o(i.HAL_RCC_OscConfig) for HAL_RCC_OscConfig
    main.o(i.SystemClock_Config) refers to stm32f1xx_hal_rcc.o(i.HAL_RCC_ClockConfig) for HAL_RCC_ClockConfig
    main.o(i.fputc) refers to stm32f1xx_hal_uart.o(i.HAL_UART_Transmit) for HAL_UART_Transmit
    main.o(i.fputc) refers to usart.o(.bss) for huart1
    main.o(i.main) refers to stm32f1xx_hal.o(i.HAL_Init) for HAL_Init
    main.o(i.main) refers to main.o(i.SystemClock_Config) for SystemClock_Config
    main.o(i.main) refers to gpio.o(i.MX_GPIO_Init) for MX_GPIO_Init
    main.o(i.main) refers to usart.o(i.MX_USART1_UART_Init) for MX_USART1_UART_Init
    main.o(i.main) refers to usart.o(i.MX_USART2_UART_Init) for MX_USART2_UART_Init
    main.o(i.main) refers to tim.o(i.MX_TIM2_Init) for MX_TIM2_Init
    main.o(i.main) refers to i2c.o(i.MX_I2C1_Init) for MX_I2C1_Init
    main.o(i.main) refers to usart.o(i.MX_USART3_UART_Init) for MX_USART3_UART_Init
    main.o(i.main) refers to oled.o(i.u8g2Init) for u8g2Init
    main.o(i.main) refers to as608.o(i.as608_init) for as608_init
    main.o(i.main) refers to printfa.o(i.__0printf) for __2printf
    main.o(i.main) refers to display.o(i.RefreshScreen) for RefreshScreen
    main.o(i.main) refers to stm32f1xx_hal_gpio.o(i.HAL_GPIO_TogglePin) for HAL_GPIO_TogglePin
    main.o(i.main) refers to stm32f1xx_hal_tim.o(i.HAL_TIM_Base_Start_IT) for HAL_TIM_Base_Start_IT
    main.o(i.main) refers to stm32f1xx_hal_uart.o(i.HAL_UART_Transmit) for HAL_UART_Transmit
    main.o(i.main) refers to stm32f1xx_hal_uart.o(i.HAL_UART_Receive_IT) for HAL_UART_Receive_IT
    main.o(i.main) refers to lock.o(i.CHECK_FR) for CHECK_FR
    main.o(i.main) refers to stm32f1xx_hal.o(i.HAL_Delay) for HAL_Delay
    main.o(i.main) refers to stm32f1xx_hal_gpio.o(i.HAL_GPIO_ReadPin) for HAL_GPIO_ReadPin
    main.o(i.main) refers to rain.o(i.CloseCurtain) for CloseCurtain
    main.o(i.main) refers to rain.o(i.OpenCurtain) for OpenCurtain
    main.o(i.main) refers to dht11.o(i.DHT11_Read_Data) for DHT11_Read_Data
    main.o(i.main) refers to command.o(i.ParseCommand) for ParseCommand
    main.o(i.main) refers to dfltui.o(.text) for __aeabi_ui2d
    main.o(i.main) refers to ddiv.o(.text) for __aeabi_ddiv
    main.o(i.main) refers to dadd.o(.text) for __aeabi_dadd
    main.o(i.main) refers to printfa.o(i.__0sprintf) for __2sprintf
    main.o(i.main) refers to display.o(.bss) for u8g2
    main.o(i.main) refers to tim.o(.bss) for htim2
    main.o(i.main) refers to usart.o(.bss) for huart2
    main.o(i.main) refers to user_uart.o(.data) for UART1_temp
[...]
    i.u8g2_add_vector_y                      0x08004752   Section        0  u8g2_font.o(i.u8g2_add_vector_y)
    i.u8g2_apply_clip_window                 0x0800476e   Section        0  u8g2_setup.o(i.u8g2_apply_clip_window)
    u8g2_apply_clip_window                   0x0800476f   Thumb Code   110  u8g2_setup.o(i.u8g2_apply_clip_window)
    i.u8g2_clip_intersection2                0x080047dc   Section        0  u8g2_hvline.o(i.u8g2_clip_intersection2)
    u8g2_clip_intersection2                  0x080047dd   Thumb Code    60  u8g2_hvline.o(i.u8g2_clip_intersection2)
    i.u8g2_draw_hv_line_2dir                 0x08004818   Section        0  u8g2_hvline.o(i.u8g2_draw_hv_line_2dir)
    i.u8g2_draw_l90_r0                       0x0800482a   Section        0  u8g2_setup.o(i.u8g2_draw_l90_r0)
    i.u8g2_draw_string                       0x08004836   Section        0  u8g2_font.o(i.u8g2_draw_string)
    u8g2_draw_string                         0x08004837   Thumb Code   118  u8g2_font.o(i.u8g2_draw_string)
    i.u8g2_font_calc_vref_font               0x080048ac   Section        0  u8g2_font.o(i.u8g2_font_calc_vref_font)
    i.u8g2_font_decode_get_signed_bits       0x080048b0   Section        0  u8g2_font.o(i.u8g2_font_decode_get_signed_bits)
    i.u8g2_font_decode_get_unsigned_bits     0x080048c4   Section        0  u8g2_font.o(i.u8g2_font_decode_get_unsigned_bits)
    i.u8g2_font_decode_glyph                 0x080048f8   Section        0  u8g2_font.o(i.u8g2_font_decode_glyph)
    i.u8g2_font_decode_len                   0x08004a0c   Section        0  u8g2_font.o(i.u8g2_font_decode_len)
    i.u8g2_font_get_glyph_data               0x08004a98   Section        0  u8g2_font.o(i.u8g2_font_get_glyph_data)
    i.u8g2_font_get_word                     0x08004b0a   Section        0  u8g2_font.o(i.u8g2_font_get_word)
    u8g2_font_get_word                       0x08004b0b   Thumb Code    20  u8g2_font.o(i.u8g2_font_get_word)
    i.u8g2_font_setup_decode                 0x08004b1e   Section        0  u8g2_font.o(i.u8g2_font_setup_decode)
    u8g2_font_setup_decode                   0x08004b1f   Thumb Code    52  u8g2_font.o(i.u8g2_font_setup_decode)
    i.u8g2_is_intersection_decision_tree     0x08004b52   Section        0  u8g2_intersection.o(i.u8g2_is_intersection_decision_tree)
    i.u8g2_ll_hvline_vertical_top_lsb        0x08004b6c   Section        0  u8g2_ll_hvline.o(i.u8g2_ll_hvline_vertical_top_lsb)
    i.u8g2_m_16_8_f                          0x08004bfc   Section        0  u8g2_d_memory.o(i.u8g2_m_16_8_f)
    i.u8g2_read_font_info                    0x08004c08   Section        0  u8g2_font.o(i.u8g2_read_font_info)
    i.u8g2_send_buffer                       0x08004c72   Section        0  u8g2_buffer.o(i.u8g2_send_buffer)
    u8g2_send_buffer                         0x08004c73   Thumb Code    78  u8g2_buffer.o(i.u8g2_send_buffer)
    i.u8g2_update_dimension_common           0x08004cc0   Section        0  u8g2_setup.o(i.u8g2_update_dimension_common)
    u8g2_update_dimension_common             0x08004cc1   Thumb Code    70  u8g2_setup.o(i.u8g2_update_dimension_common)
    i.u8g2_update_dimension_r0               0x08004d06   Section        0  u8g2_setup.o(i.u8g2_update_dimension_r0)
    i.u8g2_update_page_win_r0                0x08004d0a   Section        0  u8g2_setup.o(i.u8g2_update_page_win_r0)
    i.u8x8_DrawTile                          0x08004d2c   Section        0  u8x8_display.o(i.u8x8_DrawTile)
    i.u8x8_InitDisplay                       0x08004d4a   Section        0  u8x8_display.o(i.u8x8_InitDisplay)
    i.u8x8_RefreshDisplay                    0x08004d5a   Section        0  u8x8_display.o(i.u8x8_RefreshDisplay)
    i.u8x8_SetPowerSave                      0x08004d6a   Section        0  u8x8_display.o(i.u8x8_SetPowerSave)
    i.u8x8_Setup                             0x08004d7a   Section        0  u8x8_setup.o(i.u8x8_Setup)
    i.u8x8_SetupDefaults                     0x08004d9c   Section        0  u8x8_setup.o(i.u8x8_SetupDefaults)
    i.u8x8_SetupMemory                       0x08004dc0   Section        0  u8x8_display.o(i.u8x8_SetupMemory)
    i.u8x8_ascii_next                        0x08004dd0   Section        0  u8x8_8x8.o(i.u8x8_ascii_next)
    i.u8x8_byte_EndTransfer                  0x08004dde   Section        0  u8x8_byte.o(i.u8x8_byte_EndTransfer)
    i.u8x8_byte_SendByte                     0x08004dee   Section        0  u8x8_byte.o(i.u8x8_byte_SendByte)
    i.u8x8_byte_StartTransfer                0x08004dfc   Section        0  u8x8_byte.o(i.u8x8_byte_StartTransfer)
    i.u8x8_byte_hw_i2c                       0x08004e0c   Section        0  oled.o(i.u8x8_byte_hw_i2c)
    i.u8x8_cad_EndTransfer                   0x08004e7c   Section        0  u8x8_cad.o(i.u8x8_cad_EndTransfer)
    i.u8x8_cad_SendArg                       0x08004e8c   Section        0  u8x8_cad.o(i.u8x8_cad_SendArg)
    i.u8x8_cad_SendCmd                       0x08004e9c   Section        0  u8x8_cad.o(i.u8x8_cad_SendCmd)
    i.u8x8_cad_SendData                      0x08004eac   Section        0  u8x8_cad.o(i.u8x8_cad_SendData)
    i.u8x8_cad_SendSequence                  0x08004ebc   Section        0  u8x8_cad.o(i.u8x8_cad_SendSequence)
    i.u8x8_cad_StartTransfer                 0x08004f24   Section        0  u8x8_cad.o(i.u8x8_cad_StartTransfer)
    i.u8x8_cad_ssd13xx_fast_i2c              0x08004f34   Section        0  u8x8_cad.o(i.u8x8_cad_ssd13xx_fast_i2c)
    i.u8x8_d_helper_display_init             0x08004ff0   Section        0  u8x8_display.o(i.u8x8_d_helper_display_init)
    i.u8x8_d_helper_display_setup_memory     0x08005050   Section        0  u8x8_display.o(i.u8x8_d_helper_display_setup_memory)
    i.u8x8_d_ssd1306_128x64_noname           0x0800505c   Section        0  u8x8_d_ssd1306_128x64_noname.o(i.u8x8_d_ssd1306_128x64_noname)
    i.u8x8_d_ssd1306_sh1106_generic          0x08005098   Section        0  u8x8_d_ssd1306_128x64_noname.o(i.u8x8_d_ssd1306_sh1106_generic)
    u8x8_d_ssd1306_sh1106_generic            0x08005099   Thumb Code   196  u8x8_d_ssd1306_128x64_noname.o(i.u8x8_d_ssd1306_sh1106_generic)
    i.u8x8_dummy_cb                          0x08005160   Section        0  u8x8_setup.o(i.u8x8_dummy_cb)
    i.u8x8_gpio_and_delay                    0x08005164   Section        0  oled.o(i.u8x8_gpio_and_delay)
    i.u8x8_gpio_call                         0x080051ce   Section        0  u8x8_gpio.o(i.u8x8_gpio_call)
    i.u8x8_i2c_data_transfer                 0x080051da   Section        0  u8x8_cad.o(i.u8x8_i2c_data_transfer)
    u8x8_i2c_data_transfer                   0x080051db   Thumb Code    44  u8x8_cad.o(i.u8x8_i2c_data_transfer)
    i.u8x8_utf8_init                         0x08005206   Section        0  u8x8_8x8.o(i.u8x8_utf8_init)
    .constdata                               0x0800520e   Section       16  system_stm32f1xx.o(.constdata)
    .constdata                               0x0800521e   Section        8  system_stm32f1xx.o(.constdata)
    .constdata                               0x08005226   Section      658  u8g2_fonts.o(.constdata)
    .constdata                               0x080054b8   Section      445  u8g2_fonts.o(.constdata)
    .constdata                               0x08005675   Section     1786  u8g2_fonts.o(.constdata)
    .constdata                               0x08005d70   Section       12  u8g2_setup.o(.constdata)
    .constdata                               0x08005d7c   Section      344  u8x8_d_ssd1306_128x64_noname.o(.constdata)
    u8x8_d_ssd1306_128x64_noname_powersave0_seq 0x08005d7c   Data           5  u8x8_d_ssd1306_128x64_noname.o(.constdata)
    u8x8_d_ssd1306_128x64_noname_powersave1_seq 0x08005d81   Data           5  u8x8_d_ssd1306_128x64_noname.o(.constdata)
    u8x8_d_ssd1306_128x64_noname_flip0_seq   0x08005d86   Data           7  u8x8_d_ssd1306_128x64_noname.o(.constdata)
    u8x8_d_ssd1306_128x64_noname_flip1_seq   0x08005d8d   Data           7  u8x8_d_ssd1306_128x64_noname.o(.constdata)
    u8x8_d_ssd1312_128x64_noname_flip0_seq   0x08005d94   Data           7  u8x8_d_ssd1306_128x64_noname.o(.constdata)
    u8x8_d_ssd1312_128x64_noname_flip1_seq   0x08005d9b   Data           7  u8x8_d_ssd1306_128x64_noname.o(.constdata)
    u8x8_d_ssd1306_128x64_noname_init_seq    0x08005da2   Data          53  u8x8_d_ssd1306_128x64_noname.o(.constdata)
    u8x8_d_ssd1306_128x64_vcomh0_init_seq    0x08005dd7   Data          53  u8x8_d_ssd1306_128x64_noname.o(.constdata)
    u8x8_d_ssd1306_128x64_alt0_init_seq      0x08005e0c   Data          53  u8x8_d_ssd1306_128x64_noname.o(.constdata)
    u8x8_d_sh1106_128x64_winstar_init_seq    0x08005e41   Data          45  u8x8_d_ssd1306_128x64_noname.o(.constdata)
    u8x8_d_ssd1312_128x64_noname_init_seq    0x08005e6e   Data          53  u8x8_d_ssd1306_128x64_noname.o(.constdata)
    u8x8_ssd1306_128x64_noname_display_info  0x08005ea4   Data          24  u8x8_d_ssd1306_128x64_noname.o(.constdata)
    u8x8_sh1106_128x64_noname_display_info   0x08005ebc   Data          24  u8x8_d_ssd1306_128x64_noname.o(.constdata)
    .constdata                               0x08005ed4   Section     1462  display.o(.constdata)
    .constdata                               0x0800648a   Section       64  ctype_c.o(.constdata)
    .data                                    0x20000000   Section       12  stm32f1xx_hal.o(.data)
    .data                                    0x2000000c   Section        4  system_stm32f1xx.o(.data)
    .data                                    0x20000010   Section        1  oled.o(.data)
    buf_idx                                  0x20000010   Data           1  oled.o(.data)
    .data                                    0x20000011   Section        6  u8x8_cad.o(.data)
    in_transfer                              0x20000011   Data           1  u8x8_cad.o(.data)
    in_transfer                              0x20000012   Data           1  u8x8_cad.o(.data)
    in_transfer                              0x20000013   Data           1  u8x8_cad.o(.data)
    is_data                                  0x20000014   Data           1  u8x8_cad.o(.data)
    in_transfer                              0x20000015   Data           1  u8x8_cad.o(.data)
    is_data                                  0x20000016   Data           1  u8x8_cad.o(.data)
    .data                                    0x20000017   Section       17  display.o(.data)
    .data                                    0x20000028   Section        2  dht11.o(.data)
    .data                                    0x2000002a   Section        2  dht11.o(.data)
    .data                                    0x2000002c   Section       12  user_uart.o(.data)
    .data                                    0x20000038   Section        4  command.o(.data)
    .data                                    0x2000003c   Section       18  as608.o(.data)
    .data                                    0x2000004e   Section        6  lock.o(.data)
    .data                                    0x20000054   Section        1  rain.o(.data)
    .data                                    0x20000058   Section        4  stdout.o(.data)
    .bss                                     0x2000005c   Section       20  main.o(.bss)
    .bss                                     0x20000070   Section       84  i2c.o(.bss)
    .bss                                     0x200000c4   Section       72  tim.o(.bss)
    .bss                                     0x2000010c   Section      204  usart.o(.bss)
    .bss                                     0x200001d8   Section      128  oled.o(.bss)
    buffer                                   0x200001d8   Data         128  oled.o(.bss)
    .bss                                     0x20000258   Section     1408  u8g2_d_memory.o(.bss)
    buf                                      0x20000258   Data         128  u8g2_d_memory.o(.bss)
    buf                                      0x200002d8   Data         256  u8g2_d_memory.o(.bss)
    buf                                      0x200003d8   Data        1024  u8g2_d_memory.o(.bss)
    .bss                                     0x200007d8   Section      158  display.o(.bss)
    .bss                                     0x20000878   Section       12  time.o(.bss)
    .bss                                     0x20000884   Section      128  user_uart.o(.bss)
    .bss                                     0x20000904   Section       10  command.o(.bss)
    .bss                                     0x2000090e   Section      400  as608.o(.bss)
    STACK                                    0x20000aa0   Section     1024  startup_stm32f103xe.o(STACK)

    Global Symbols

    Symbol Name                              Value     Ov Type        Size  Object(Section)

    BuildAttributes$$THM_ISAv4$P$D$K$B$S$PE$A:L22UL41UL21$X:L11$S22US41US21$IEEE1$IW$USESV6$~STKCKD$USESV7$~SHL$OSPACE$ROPI$EBA8$MICROLIB$REQ8$PRES8$EABIv2 0x00000000   Number         0  anon$$obj.o ABSOLUTE
    __ARM_use_no_argv                        0x00000000   Number         0  main.o ABSOLUTE
    _printf_a                                0x00000000   Number         0  stubs.o ABSOLUTE
    _printf_c                                0x00000000   Number         0  stubs.o ABSOLUTE
    _printf_charcount                        0x00000000   Number         0  stubs.o ABSOLUTE
    _printf_d                                0x00000000   Number         0  stubs.o ABSOLUTE
    _printf_e                                0x00000000   Number         0  stubs.o ABSOLUTE
    _printf_f                                0x00000000   Number         0  stubs.o ABSOLUTE
    _printf_flags                            0x00000000   Number         0  stubs.o ABSOLUTE
    _printf_fp_dec                           0x00000000   Number         0  stubs.o ABSOLUTE
    _printf_fp_hex                           0x00000000   Number         0  stubs.o ABSOLUTE
    _printf_g                                0x00000000   Number         0  stubs.o ABSOLUTE
    _printf_i                                0x00000000   Number         0  stubs.o ABSOLUTE
    _printf_int_dec                          0x00000000   Number         0  stubs.o ABSOLUTE
    _printf_l                                0x00000000   Number         0  stubs.o ABSOLUTE
    _printf_lc                               0x00000000   Number         0  stubs.o ABSOLUTE
    _printf_ll                               0x00000000   Number         0  stubs.o ABSOLUTE
    _printf_lld                              0x00000000   Number         0  stubs.o ABSOLUTE
    _printf_lli                              0x00000000   Number         0  stubs.o ABSOLUTE
    _printf_llo                              0x00000000   Number         0  stubs.o ABSOLUTE
    _printf_llu                              0x00000000   Number         0  stubs.o ABSOLUTE
    _printf_llx                              0x00000000   Number         0  stubs.o ABSOLUTE
    _printf_longlong_dec                     0x00000000   Number         0  stubs.o ABSOLUTE
    _printf_longlong_hex                     0x00000000   Number         0  stubs.o ABSOLUTE
    _printf_longlong_oct                     0x00000000   Number         0  stubs.o ABSOLUTE
    _printf_ls                               0x00000000   Number         0  stubs.o ABSOLUTE
    _printf_mbtowc                           0x00000000   Number         0  stubs.o ABSOLUTE
    _printf_n                                0x00000000   Number         0  stubs.o ABSOLUTE
    _printf_o                                0x00000000   Number         0  stubs.o ABSOLUTE
    _printf_p                                0x00000000   Number         0  stubs.o ABSOLUTE
    _printf_percent                          0x00000000   Number         0  stubs.o ABSOLUTE
    _printf_pre_padding                      0x00000000   Number         0  stubs.o ABSOLUTE
    _printf_return_value                     0x00000000   Number         0  stubs.o ABSOLUTE
    _printf_s                                0x00000000   Number         0  stubs.o ABSOLUTE
    _printf_sizespec                         0x00000000   Number         0  stubs.o ABSOLUTE
    _printf_str                              0x00000000   Number         0  stubs.o ABSOLUTE
    _printf_truncate_signed                  0x00000000   Number         0  stubs.o ABSOLUTE
    _printf_truncate_unsigned                0x00000000   Number         0  stubs.o ABSOLUTE
    _printf_u                                0x00000000   Number         0  stubs.o ABSOLUTE
    _printf_wc                               0x00000000   Number         0  stubs.o ABSOLUTE
    _printf_wctomb                           0x00000000   Number         0  stubs.o ABSOLUTE
    _printf_widthprec                        0x00000000   Number         0  stubs.o ABSOLUTE
    _printf_x                                0x00000000   Number         0  stubs.o ABSOLUTE
    __arm_fini_                               - Undefined Weak Reference
    __cpp_initialize__aeabi_                  - Undefined Weak Reference
    __cxa_finalize                            - Undefined Weak Reference
    __decompress                              - Undefined Weak Reference
    _clock_init                               - Undefined Weak Reference
    _microlib_exit                            - Undefined Weak Reference
    _scanf_longlong                           - Undefined Weak Reference
    _scanf_real                               - Undefined Weak Reference
    __Vectors_Size                           0x00000130   Number         0  startup_stm32f103xe.o ABSOLUTE
    __Vectors                                0x08000000   Data           4  startup_stm32f103xe.o(RESET)
    __Vectors_End                            0x08000130   Data           0  startup_stm32f103xe.o(RESET)
    __main                                   0x08000131   Thumb Code     0  entry.o(.ARM.Collect$$$$00000000)
    _main_stk                                0x08000131   Thumb Code     0  entry2.o(.ARM.Collect$$$$00000001)
    _main_scatterload                        0x08000135   Thumb Code     0  entry5.o(.ARM.Collect$$$$00000004)
    __main_after_scatterload                 0x08000139   Thumb Code     0  entry5.o(.ARM.Collect$$$$00000004)
    _main_clock                              0x08000139   Thumb Code     0  entry7b.o(.ARM.Collect$$$$00000008)
    _main_cpp_init                           0x08000139   Thumb Code     0  entry8b.o(.ARM.Collect$$$$0000000A)
    _main_init                               0x08000139   Thumb Code     0  entry9a.o(.ARM.Collect$$$$0000000B)
    __rt_lib_shutdown_fini                   0x08000141   Thumb Code     0  entry12b.o(.ARM.Collect$$$$0000000E)
    __rt_final_cpp                           0x08000145   Thumb Code     0  entry10a.o(.ARM.Collect$$$$0000000F)
    __rt_final_exit                          0x08000145   Thumb Code     0  entry11a.o(.ARM.Collect$$$$00000011)
    Reset_Handler                            0x08000149   Thumb Code     8  startup_stm32f103xe.o(.text)
    ADC1_2_IRQHandler                        0x08000163   Thumb Code     0  startup_stm32f103xe.o(.text)
    ADC3_IRQHandler                          0x08000163   Thumb Code     0  startup_stm32f103xe.o(.text)
    CAN1_RX1_IRQHandler                      0x08000163   Thumb Code     0  startup_stm32f103xe.o(.text)
    CAN1_SCE_IRQHandler                      0x08000163   Thumb Code     0  startup_stm32f103xe.o(.text)
    DMA1_Channel1_IRQHandler                 0x08000163   Thumb Code     0  startup_stm32f103xe.o(.text)
    DMA1_Channel2_IRQHandler                 0x08000163   Thumb Code     0  startup_stm32f103xe.o(.text)
    DMA1_Channel3_IRQHandler                 0x08000163   Thumb Code     0  startup_stm32f103xe.o(.text)
    DMA1_Channel4_IRQHandler                 0x08000163   Thumb Code     0  startup_stm32f103xe.o(.text)
    DMA1_Channel5_IRQHandler                 0x08000163   Thumb Code     0  startup_stm32f103xe.o(.text)
    DMA1_Channel6_IRQHandler                 0x08000163   Thumb Code     0  startup_stm32f103xe.o(.text)
    DMA1_Channel7_IRQHandler                 0x08000163   Thumb Code     0  startup_stm32f103xe.o(.text)
    DMA2_Channel1_IRQHandler                 0x08000163   Thumb Code     0  startup_stm32f103xe.o(.text)
    DMA2_Channel2_IRQHandler                 0x08000163   Thumb Code     0  startup_stm32f103xe.o(.text)
    DMA2_Channel3_IRQHandler                 0x08000163   Thumb Code     0  startup_stm32f103xe.o(.text)
    DMA2_Channel4_5_IRQHandler               0x08000163   Thumb Code     0  startup_stm32f103xe.o(.text)
    EXTI0_IRQHandler                         0x08000163   Thumb Code     0  startup_stm32f103xe.o(.text)
    EXTI15_10_IRQHandler                     0x08000163   Thumb Code     0  startup_stm32f103xe.o(.text)
    EXTI1_IRQHandler                         0x08000163   Thumb Code     0  startup_stm32f103xe.o(.text)
    EXTI2_IRQHandler                         0x08000163   Thumb Code     0  startup_stm32f103xe.o(.text)
    EXTI3_IRQHandler                         0x08000163   Thumb Code     0  startup_stm32f103xe.o(.text)
    EXTI4_IRQHandler                         0x08000163   Thumb Code     0  startup_stm32f103xe.o(.text)
    EXTI9_5_IRQHandler                       0x08000163   Thumb Code     0  startup_stm32f103xe.o(.text)
    FLASH_IRQHandler                         0x08000163   Thumb Code     0  startup_stm32f103xe.o(.text)
    FSMC_IRQHandler                          0x08000163   Thumb Code     0  startup_stm32f103xe.o(.text)
    I2C1_ER_IRQHandler                       0x08000163   Thumb Code     0  startup_stm32f103xe.o(.text)
    I2C1_EV_IRQHandler                       0x08000163   Thumb Code     0  startup_stm32f103xe.o(.text)
    I2C2_ER_IRQHandler                       0x08000163   Thumb Code     0  startup_stm32f103xe.o(.text)
    I2C2_EV_IRQHandler                       0x08000163   Thumb Code     0  startup_stm32f103xe.o(.text)
    PVD_IRQHandler                           0x08000163   Thumb Code     0  startup_stm32f103xe.o(.text)
    RCC_IRQHandler                           0x08000163   Thumb Code     0  startup_stm32f103xe.o(.text)
    RTC_Alarm_IRQHandler                     0x08000163   Thumb Code     0  startup_stm32f103xe.o(.text)
    RTC_IRQHandler                           0x08000163   Thumb Code     0  startup_stm32f103xe.o(.text)
    SDIO_IRQHandler                          0x08000163   Thumb Code     0  startup_stm32f103xe.o(.text)
    SPI1_IRQHandler                          0x08000163   Thumb Code     0  startup_stm32f103xe.o(.text)
    SPI2_IRQHandler                          0x08000163   Thumb Code     0  startup_stm32f103xe.o(.text)
    SPI3_IRQHandler                          0x08000163   Thumb Code     0  startup_stm32f103xe.o(.text)
    TAMPER_IRQHandler                        0x08000163   Thumb Code     0  startup_stm32f103xe.o(.text)
    TIM1_BRK_IRQHandler                      0x08000163   Thumb Code     0  startup_stm32f103xe.o(.text)
    TIM1_CC_IRQHandler                       0x08000163   Thumb Code     0  startup_stm32f103xe.o(.text)
    TIM1_TRG_COM_IRQHandler                  0x08000163   Thumb Code     0  startup_stm32f103xe.o(.text)
    TIM1_UP_IRQHandler                       0x08000163   Thumb Code     0  startup_stm32f103xe.o(.text)
    TIM3_IRQHandler                          0x08000163   Thumb Code     0  startup_stm32f103xe.o(.text)
    TIM4_IRQHandler                          0x08000163   Thumb Code     0  startup_stm32f103xe.o(.text)
    TIM5_IRQHandler                          0x08000163   Thumb Code     0  startup_stm32f103xe.o(.text)
    TIM6_IRQHandler                          0x08000163   Thumb Code     0  startup_stm32f103xe.o(.text)
    TIM7_IRQHandler                          0x08000163   Thumb Code     0  startup_stm32f103xe.o(.text)
    TIM8_BRK_IRQHandler                      0x08000163   Thumb Code     0  startup_stm32f103xe.o(.text)
    TIM8_CC_IRQHandler                       0x08000163   Thumb Code     0  startup_stm32f103xe.o(.text)
    TIM8_TRG_COM_IRQHandler                  0x08000163   Thumb Code     0  startup_stm32f103xe.o(.text)
    TIM8_UP_IRQHandler                       0x08000163   Thumb Code     0  startup_stm32f103xe.o(.text)
    UART4_IRQHandler                         0x08000163   Thumb Code     0  startup_stm32f103xe.o(.text)
    UART5_IRQHandler                         0x08000163   Thumb Code     0  startup_stm32f103xe.o(.text)
    USBWakeUp_IRQHandler                     0x08000163   Thumb Code     0  startup_stm32f103xe.o(.text)
    USB_HP_CAN1_TX_IRQHandler                0x08000163   Thumb Code     0  startup_stm32f103xe.o(.text)
    USB_LP_CAN1_RX0_IRQHandler               0x08000163   Thumb Code     0  startup_stm32f103xe.o(.text)
    WWDG_IRQHandler                          0x08000163   Thumb Code     0  startup_stm32f103xe.o(.text)
    __aeabi_llsr                             0x0800016d   Thumb Code    32  llushr.o(.text)
    _ll_ushift_r                             0x0800016d   Thumb Code     0  llushr.o(.text)
    __aeabi_memset                           0x0800018d   Thumb Code    14  memseta.o(.text)
    __aeabi_memset4                          0x0800018d   Thumb Code     0  memseta.o(.text)
    __aeabi_memset8                          0x0800018d   Thumb Code     0  memseta.o(.text)
    __aeabi_memclr                           0x0800019b   Thumb Code     4  memseta.o(.text)
    __aeabi_memclr4                          0x0800019b   Thumb Code     0  memseta.o(.text)
    __aeabi_memclr8                          0x0800019b   Thumb Code     0  memseta.o(.text)
    _memset$wrapper                          0x0800019f   Thumb Code    18  memseta.o(.text)
    strstr                                   0x080001b1   Thumb Code    36  strstr.o(.text)
    strcmp                                   0x080001d5   Thumb Code    28  strcmp.o(.text)
    __0sscanf                                0x080001f1   Thumb Code    48  __0sscanf.o(.text)
    _scanf_int                               0x08000229   Thumb Code   332  _scanf_int.o(.text)
    _scanf_string                            0x08000375   Thumb Code   224  _scanf_str.o(.text)
    __aeabi_dadd                             0x08000455   Thumb Code   322  dadd.o(.text)
    __aeabi_dsub                             0x08000597   Thumb Code     6  dadd.o(.text)
    __aeabi_drsub                            0x0800059d   Thumb Code     6  dadd.o(.text)
    __aeabi_ddiv                             0x080005a3   Thumb Code   222  ddiv.o(.text)
    __aeabi_ui2d                             0x08000681   Thumb Code    26  dfltui.o(.text)
    __aeabi_uidiv                            0x0800069b   Thumb Code     0  uidiv.o(.text)
    __aeabi_uidivmod                         0x0800069b   Thumb Code    44  uidiv.o(.text)
    __aeabi_uldivmod                         0x080006c7   Thumb Code    98  uldiv.o(.text)
    __aeabi_llsl                             0x08000729   Thumb Code    30  llshl.o(.text)
    _ll_shift_l                              0x08000729   Thumb Code     0  llshl.o(.text)
    __aeabi_lasr                             0x08000747   Thumb Code    36  llsshr.o(.text)
    _ll_sshift_r                             0x08000747   Thumb Code     0  llsshr.o(.text)
    _chval                                   0x0800076b   Thumb Code    28  _chval.o(.text)
    __vfscanf_char                           0x08000795   Thumb Code    20  scanf_char.o(.text)
    _sgetc                                   0x080007b1   Thumb Code    30  _sgetc.o(.text)
    _sbackspace                              0x080007cf   Thumb Code    34  _sgetc.o(.text)
    __I$use$fp                               0x080007f1   Thumb Code     0  iusefp.o(.text)
    _double_round                            0x080007f1   Thumb Code    30  depilogue.o(.text)
    _double_epilogue                         0x0800080f   Thumb Code   156  depilogue.o(.text)
    __aeabi_dmul                             0x080008ab   Thumb Code   228  dmul.o(.text)
    __aeabi_d2ulz                            0x0800098f   Thumb Code    48  dfixul.o(.text)
    __aeabi_cdrcmple                         0x080009c1   Thumb Code    48  cdrcmple.o(.text)
    __scatterload                            0x080009f1   Thumb Code    28  init.o(.text)
    __scatterload_rt2                        0x080009f1   Thumb Code     0  init.o(.text)
    isspace                                  0x08000a15   Thumb Code    10  isspace_c.o(.text)
    __vfscanf                                0x08000a21   Thumb Code   810  _scanf.o(.text)
    __ctype_lookup                           0x08000d51   Thumb Code    34  ctype_c.o(.text)
    BusFault_Handler                         0x08000d79   Thumb Code     2  stm32f1xx_it.o(i.BusFault_Handler)
    CHECK_FR                                 0x08000d7d   Thumb Code    38  lock.o(i.CHECK_FR)
    CheckTime                                0x08000da9   Thumb Code    40  time.o(i.CheckTime)
    CloseCurtain                             0x08000dd1   Thumb Code    12  rain.o(i.CloseCurtain)
    DHT11_Check                              0x08000de1   Thumb Code    88  dht11.o(i.DHT11_Check)
    DHT11_IO_IN                              0x08000e3d   Thumb Code    22  dht11.o(i.DHT11_IO_IN)
    DHT11_IO_OUT                             0x08000e59   Thumb Code    26  dht11.o(i.DHT11_IO_OUT)
    DHT11_Read_Bit                           0x08000e79   Thumb Code    86  dht11.o(i.DHT11_Read_Bit)
    DHT11_Read_Byte                          0x08000ed5   Thumb Code    26  dht11.o(i.DHT11_Read_Byte)
    DHT11_Read_Data                          0x08000eef   Thumb Code    88  dht11.o(i.DHT11_Read_Data)
    DHT11_Rst                                0x08000f49   Thumb Code    48  dht11.o(i.DHT11_Rst)
    DebugMon_Handler                         0x08000f7d   Thumb Code     2  stm32f1xx_it.o(i.DebugMon_Handler)
    DisplayWeatherStatus                     0x08000f81   Thumb Code   156  display.o(i.DisplayWeatherStatus)
    Error_Handler                            0x08001031   Thumb Code     4  main.o(i.Error_Handler)
    HAL_DMA_Abort                            0x08001035   Thumb Code    70  stm32f1xx_hal_dma.o(i.HAL_DMA_Abort)
    HAL_DMA_Abort_IT                         0x0800107d   Thumb Code   296  stm32f1xx_hal_dma.o(i.HAL_DMA_Abort_IT)
    HAL_Delay                                0x080011ad   Thumb Code    32  stm32f1xx_hal.o(i.HAL_Delay)
    HAL_GPIO_Init                            0x080011d1   Thumb Code   462  stm32f1xx_hal_gpio.o(i.HAL_GPIO_Init)
    HAL_GPIO_ReadPin                         0x080013c9   Thumb Code    10  stm32f1xx_hal_gpio.o(i.HAL_GPIO_ReadPin)
    HAL_GPIO_TogglePin                       0x080013d3   Thumb Code    16  stm32f1xx_hal_gpio.o(i.HAL_GPIO_TogglePin)
    HAL_GPIO_WritePin                        0x080013e3   Thumb Code    10  stm32f1xx_hal_gpio.o(i.HAL_GPIO_WritePin)
    HAL_GetTick                              0x080013ed   Thumb Code     6  stm32f1xx_hal.o(i.HAL_GetTick)
    HAL_I2C_Init                             0x080013f9   Thumb Code   376  stm32f1xx_hal_i2c.o(i.HAL_I2C_Init)
    HAL_I2C_Master_Transmit                  0x08001581   Thumb Code   290  stm32f1xx_hal_i2c.o(i.HAL_I2C_Master_Transmit)
    HAL_I2C_MspInit                          0x080016ad   Thumb Code    80  i2c.o(i.HAL_I2C_MspInit)
    HAL_IncTick                              0x08001709   Thumb Code    12  stm32f1xx_hal.o(i.HAL_IncTick)
    HAL_Init                                 0x08001719   Thumb Code    32  stm32f1xx_hal.o(i.HAL_Init)
    HAL_InitTick                             0x0800173d   Thumb Code    54  stm32f1xx_hal.o(i.HAL_InitTick)
    HAL_MspInit                              0x0800177d   Thumb Code    52  stm32f1xx_hal_msp.o(i.HAL_MspInit)
    HAL_NVIC_EnableIRQ                       0x080017b9   Thumb Code    26  stm32f1xx_hal_cortex.o(i.HAL_NVIC_EnableIRQ)
    HAL_NVIC_SetPriority                     0x080017d5   Thumb Code    60  stm32f1xx_hal_cortex.o(i.HAL_NVIC_SetPriority)
    HAL_NVIC_SetPriorityGrouping             0x08001815   Thumb Code    26  stm32f1xx_hal_cortex.o(i.HAL_NVIC_SetPriorityGrouping)
    HAL_RCC_ClockConfig                      0x08001839   Thumb Code   280  stm32f1xx_hal_rcc.o(i.HAL_RCC_ClockConfig)
    HAL_RCC_GetHCLKFreq                      0x08001965   Thumb Code     6  stm32f1xx_hal_rcc.o(i.HAL_RCC_GetHCLKFreq)
    HAL_RCC_GetPCLK1Freq                     0x08001971   Thumb Code    20  stm32f1xx_hal_rcc.o(i.HAL_RCC_GetPCLK1Freq)
    HAL_RCC_GetPCLK2Freq                     0x08001991   Thumb Code    20  stm32f1xx_hal_rcc.o(i.HAL_RCC_GetPCLK2Freq)
    HAL_RCC_GetSysClockFreq                  0x080019b1   Thumb Code    74  stm32f1xx_hal_rcc.o(i.HAL_RCC_GetSysClockFreq)
    HAL_RCC_OscConfig                        0x08001a1d   Thumb Code   778  stm32f1xx_hal_rcc.o(i.HAL_RCC_OscConfig)
    HAL_SYSTICK_Config                       0x08001d3d   Thumb Code    40  stm32f1xx_hal_cortex.o(i.HAL_SYSTICK_Config)
    HAL_TIMEx_BreakCallback                  0x08001d65   Thumb Code     2  stm32f1xx_hal_tim_ex.o(i.HAL_TIMEx_BreakCallback)
    HAL_TIMEx_CommutCallback                 0x08001d67   Thumb Code     2  stm32f1xx_hal_tim_ex.o(i.HAL_TIMEx_CommutCallback)
    HAL_TIMEx_MasterConfigSynchronization    0x08001d69   Thumb Code   104  stm32f1xx_hal_tim_ex.o(i.HAL_TIMEx_MasterConfigSynchronization)
    HAL_TIM_Base_Init                        0x08001de5   Thumb Code    90  stm32f1xx_hal_tim.o(i.HAL_TIM_Base_Init)
    HAL_TIM_Base_MspInit                     0x08001e41   Thumb Code    50  tim.o(i.HAL_TIM_Base_MspInit)
    HAL_TIM_Base_Start_IT                    0x08001e79   Thumb Code    88  stm32f1xx_hal_tim.o(i.HAL_TIM_Base_Start_IT)
    HAL_TIM_ConfigClockSource                0x08001ee5   Thumb Code   214  stm32f1xx_hal_tim.o(i.HAL_TIM_ConfigClockSource)
    HAL_TIM_IC_CaptureCallback               0x08001fbb   Thumb Code     2  stm32f1xx_hal_tim.o(i.HAL_TIM_IC_CaptureCallback)
    HAL_TIM_IRQHandler                       0x08001fbd   Thumb Code   358  stm32f1xx_hal_tim.o(i.HAL_TIM_IRQHandler)
    HAL_TIM_OC_DelayElapsedCallback          0x08002123   Thumb Code     2  stm32f1xx_hal_tim.o(i.HAL_TIM_OC_DelayElapsedCallback)
    HAL_TIM_PWM_PulseFinishedCallback        0x08002125   Thumb Code     2  stm32f1xx_hal_tim.o(i.HAL_TIM_PWM_PulseFinishedCallback)
    HAL_TIM_PeriodElapsedCallback            0x08002129   Thumb Code    36  main.o(i.HAL_TIM_PeriodElapsedCallback)
    HAL_TIM_TriggerCallback                  0x08002159   Thumb Code     2  stm32f1xx_hal_tim.o(i.HAL_TIM_TriggerCallback)
    HAL_UARTEx_RxEventCallback               0x0800215b   Thumb Code     2  stm32f1xx_hal_uart.o(i.HAL_UARTEx_RxEventCallback)
    HAL_UART_ErrorCallback                   0x0800215d   Thumb Code     2  stm32f1xx_hal_uart.o(i.HAL_UART_ErrorCallback)
    HAL_UART_IRQHandler                      0x08002161   Thumb Code   520  stm32f1xx_hal_uart.o(i.HAL_UART_IRQHandler)
    HAL_UART_Init                            0x0800236d   Thumb Code    98  stm32f1xx_hal_uart.o(i.HAL_UART_Init)
    HAL_UART_MspInit                         0x080023d1   Thumb Code   282  usart.o(i.HAL_UART_MspInit)
    HAL_UART_Receive_IT                      0x08002505   Thumb Code    42  stm32f1xx_hal_uart.o(i.HAL_UART_Receive_IT)
    HAL_UART_RxCpltCallback                  0x08002531   Thumb Code   114  user_uart.o(i.HAL_UART_RxCpltCallback)
    HAL_UART_Transmit                        0x080025bd   Thumb Code   178  stm32f1xx_hal_uart.o(i.HAL_UART_Transmit)
    HAL_UART_TxCpltCallback                  0x0800266f   Thumb Code     2  stm32f1xx_hal_uart.o(i.HAL_UART_TxCpltCallback)
    HardFault_Handler                        0x08002671   Thumb Code     2  stm32f1xx_it.o(i.HardFault_Handler)
    MX_GPIO_Init                             0x0800293d   Thumb Code   286  gpio.o(i.MX_GPIO_Init)
    MX_I2C1_Init                             0x08002a75   Thumb Code    50  i2c.o(i.MX_I2C1_Init)
    MX_TIM2_Init                             0x08002ab5   Thumb Code   100  tim.o(i.MX_TIM2_Init)
    MX_USART1_UART_Init                      0x08002b1d   Thumb Code    48  usart.o(i.MX_USART1_UART_Init)
    MX_USART2_UART_Init                      0x08002b55   Thumb Code    48  usart.o(i.MX_USART2_UART_Init)
    MX_USART3_UART_Init                      0x08002b8d   Thumb Code    48  usart.o(i.MX_USART3_UART_Init)
    MemManage_Handler                        0x08002be1   Thumb Code     2  stm32f1xx_it.o(i.MemManage_Handler)
    MotorStop                                0x08002be5   Thumb Code    48  motor.o(i.MotorStop)
    Motor_Ctrl_Direction_Angle               0x08002c19   Thumb Code    60  motor.o(i.Motor_Ctrl_Direction_Angle)
    Motor_Forward_Ration                     0x08002c55   Thumb Code   112  motor.o(i.Motor_Forward_Ration)
    Motor_Reverse_Rotation                   0x08002cc9   Thumb Code   112  motor.o(i.Motor_Reverse_Rotation)
    NMI_Handler                              0x08002d3d   Thumb Code     2  stm32f1xx_it.o(i.NMI_Handler)
    OpenCurtain                              0x08002d41   Thumb Code    12  rain.o(i.OpenCurtain)
    PS_GenChar                               0x08002d51   Thumb Code    60  as608.o(i.PS_GenChar)
    PS_GetImage                              0x08002d8d   Thumb Code    46  as608.o(i.PS_GetImage)
    PS_HighSpeedSearch                       0x08002dbb   Thumb Code   132  as608.o(i.PS_HighSpeedSearch)
    ParseCommand                             0x08002e41   Thumb Code   360  command.o(i.ParseCommand)
    PendSV_Handler                           0x0800300d   Thumb Code     2  stm32f1xx_it.o(i.PendSV_Handler)
    RefreshScreen                            0x08003011   Thumb Code   386  display.o(i.RefreshScreen)
    SVC_Handler                              0x08003225   Thumb Code     2  stm32f1xx_it.o(i.SVC_Handler)
    SysTick_Handler                          0x080032a3   Thumb Code     4  stm32f1xx_it.o(i.SysTick_Handler)
    SystemClock_Config                       0x080032a7   Thumb Code    94  main.o(i.SystemClock_Config)
    SystemInit                               0x08003305   Thumb Code     2  system_stm32f1xx.o(i.SystemInit)
    TIM2_IRQHandler                          0x08003309   Thumb Code     6  stm32f1xx_it.o(i.TIM2_IRQHandler)
    TIM_Base_SetConfig                       0x08003315   Thumb Code   120  stm32f1xx_hal_tim.o(i.TIM_Base_SetConfig)
    TIM_ETR_SetConfig                        0x080033a1   Thumb Code    20  stm32f1xx_hal_tim.o(i.TIM_ETR_SetConfig)
    Tick                                     0x0800340b   Thumb Code    10  time.o(i.Tick)
    UART1_Rx_Clear                           0x08003415   Thumb Code    30  user_uart.o(i.UART1_Rx_Clear)
    UART2_Rx_Clear                           0x0800343d   Thumb Code    30  user_uart.o(i.UART2_Rx_Clear)
    UART_Start_Receive_IT                    0x08003615   Thumb Code    54  stm32f1xx_hal_uart.o(i.UART_Start_Receive_IT)
    USART1_IRQHandler                        0x080036b1   Thumb Code     6  stm32f1xx_it.o(i.USART1_IRQHandler)
    USART2_IRQHandler                        0x080036bd   Thumb Code     6  stm32f1xx_it.o(i.USART2_IRQHandler)
    USART3_IRQHandler                        0x080036c9   Thumb Code    48  stm32f1xx_it.o(i.USART3_IRQHandler)
    UsageFault_Handler                       0x08003705   Thumb Code     2  stm32f1xx_it.o(i.UsageFault_Handler)
    __0printf                                0x08003709   Thumb Code    22  printfa.o(i.__0printf)
    __1printf                                0x08003709   Thumb Code     0  printfa.o(i.__0printf)
    __2printf                                0x08003709   Thumb Code     0  printfa.o(i.__0printf)
    __c89printf                              0x08003709   Thumb Code     0  printfa.o(i.__0printf)
    printf                                   0x08003709   Thumb Code     0  printfa.o(i.__0printf)
    __0sprintf                               0x08003729   Thumb Code    34  printfa.o(i.__0sprintf)
    __1sprintf                               0x08003729   Thumb Code     0  printfa.o(i.__0sprintf)
    __2sprintf                               0x08003729   Thumb Code     0  printfa.o(i.__0sprintf)
    __c89sprintf                             0x08003729   Thumb Code     0  printfa.o(i.__0sprintf)
    sprintf                                  0x08003729   Thumb Code     0  printfa.o(i.__0sprintf)
    __scatterload_copy                       0x08003771   Thumb Code    14  handlers.o(i.__scatterload_copy)
    __scatterload_null                       0x0800377f   Thumb Code     2  handlers.o(i.__scatterload_null)
    __scatterload_zeroinit                   0x08003781   Thumb Code    14  handlers.o(i.__scatterload_zeroinit)
    as608_init                               0x08004025   Thumb Code    76  as608.o(i.as608_init)
    delay_us                                 0x0800407d   Thumb Code    22  delay.o(i.delay_us)
    fputc                                    0x08004099   Thumb Code    24  main.o(i.fputc)
    main                                     0x080040b5   Thumb Code   394  main.o(i.main)
    press_FR                                 0x080042d9   Thumb Code    88  as608.o(i.press_FR)
    u8g2Init                                 0x08004381   Thumb Code    38  oled.o(i.u8g2Init)
    u8g2_ClearBuffer                         0x080043b5   Thumb Code    18  u8g2_buffer.o(i.u8g2_ClearBuffer)
    u8g2_DrawGlyph                           0x080043c7   Thumb Code   110  u8g2_font.o(i.u8g2_DrawGlyph)
    u8g2_DrawHVLine                          0x08004435   Thumb Code   172  u8g2_hvline.o(i.u8g2_DrawHVLine)
    u8g2_DrawHXBMP                           0x080044e1   Thumb Code   148  u8g2_bitmap.o(i.u8g2_DrawHXBMP)
    u8g2_DrawStr                             0x08004575   Thumb Code    12  u8g2_font.o(i.u8g2_DrawStr)
    u8g2_DrawXBMP                            0x08004585   Thumb Code    76  u8g2_bitmap.o(i.u8g2_DrawXBMP)
    u8g2_IsIntersection                      0x080045d1   Thumb Code    48  u8g2_intersection.o(i.u8g2_IsIntersection)
    u8g2_SendBuffer                          0x08004601   Thumb Code    18  u8g2_buffer.o(i.u8g2_SendBuffer)
    u8g2_SetFont                             0x08004613   Thumb Code    32  u8g2_font.o(i.u8g2_SetFont)
    u8g2_SetFontDirection                    0x08004633   Thumb Code     6  u8g2_font.o(i.u8g2_SetFontDirection)
    u8g2_SetFontMode                         0x08004639   Thumb Code     6  u8g2_font.o(i.u8g2_SetFontMode)
    u8g2_SetFontPosBaseline                  0x08004641   Thumb Code     6  u8g2_font.o(i.u8g2_SetFontPosBaseline)
    u8g2_SetMaxClipWindow                    0x0800464d   Thumb Code    28  u8g2_setup.o(i.u8g2_SetMaxClipWindow)
    u8g2_SetupBuffer                         0x08004669   Thumb Code    66  u8g2_setup.o(i.u8g2_SetupBuffer)
    u8g2_Setup_ssd1306_i2c_128x64_noname_f   0x080046ad   Thumb Code    42  u8g2_d_setup.o(i.u8g2_Setup_ssd1306_i2c_128x64_noname_f)
    u8g2_UpdateRefHeight                     0x080046e5   Thumb Code    82  u8g2_font.o(i.u8g2_UpdateRefHeight)
    u8g2_add_vector_x                        0x08004737   Thumb Code    28  u8g2_font.o(i.u8g2_add_vector_x)
    u8g2_add_vector_y                        0x08004753   Thumb Code    28  u8g2_font.o(i.u8g2_add_vector_y)
    u8g2_draw_hv_line_2dir                   0x08004819   Thumb Code    18  u8g2_hvline.o(i.u8g2_draw_hv_line_2dir)
    u8g2_draw_l90_r0                         0x0800482b   Thumb Code    12  u8g2_setup.o(i.u8g2_draw_l90_r0)
    u8g2_font_calc_vref_font                 0x080048ad   Thumb Code     4  u8g2_font.o(i.u8g2_font_calc_vref_font)
    u8g2_font_decode_get_signed_bits         0x080048b1   Thumb Code    20  u8g2_font.o(i.u8g2_font_decode_get_signed_bits)
    u8g2_font_decode_get_unsigned_bits       0x080048c5   Thumb Code    52  u8g2_font.o(i.u8g2_font_decode_get_unsigned_bits)
    u8g2_font_decode_glyph                   0x080048f9   Thumb Code   276  u8g2_font.o(i.u8g2_font_decode_glyph)
    u8g2_font_decode_len                     0x08004a0d   Thumb Code   140  u8g2_font.o(i.u8g2_font_decode_len)
    u8g2_font_get_glyph_data                 0x08004a99   Thumb Code   114  u8g2_font.o(i.u8g2_font_get_glyph_data)
    u8g2_is_intersection_decision_tree       0x08004b53   Thumb Code    24  u8g2_intersection.o(i.u8g2_is_intersection_decision_tree)
    u8g2_ll_hvline_vertical_top_lsb          0x08004b6d   Thumb Code   144  u8g2_ll_hvline.o(i.u8g2_ll_hvline_vertical_top_lsb)
    u8g2_m_16_8_f                            0x08004bfd   Thumb Code     8  u8g2_d_memory.o(i.u8g2_m_16_8_f)
    u8g2_read_font_info                      0x08004c09   Thumb Code   106  u8g2_font.o(i.u8g2_read_font_info)
    u8g2_update_dimension_r0                 0x08004d07   Thumb Code     4  u8g2_setup.o(i.u8g2_update_dimension_r0)
    u8g2_update_page_win_r0                  0x08004d0b   Thumb Code    34  u8g2_setup.o(i.u8g2_update_page_win_r0)
    u8x8_DrawTile                            0x08004d2d   Thumb Code    30  u8x8_display.o(i.u8x8_DrawTile)
    u8x8_InitDisplay                         0x08004d4b   Thumb Code    16  u8x8_display.o(i.u8x8_InitDisplay)
    u8x8_RefreshDisplay                      0x08004d5b   Thumb Code    16  u8x8_display.o(i.u8x8_RefreshDisplay)
    u8x8_SetPowerSave                        0x08004d6b   Thumb Code    16  u8x8_display.o(i.u8x8_SetPowerSave)
    u8x8_Setup                               0x08004d7b   Thumb Code    34  u8x8_setup.o(i.u8x8_Setup)
    u8x8_SetupDefaults                       0x08004d9d   Thumb Code    32  u8x8_setup.o(i.u8x8_SetupDefaults)
    u8x8_SetupMemory                         0x08004dc1   Thumb Code    16  u8x8_display.o(i.u8x8_SetupMemory)
    u8x8_ascii_next                          0x08004dd1   Thumb Code    14  u8x8_8x8.o(i.u8x8_ascii_next)
    u8x8_byte_EndTransfer                    0x08004ddf   Thumb Code    16  u8x8_byte.o(i.u8x8_byte_EndTransfer)
    u8x8_byte_SendByte                       0x08004def   Thumb Code    14  u8x8_byte.o(i.u8x8_byte_SendByte)
    u8x8_byte_StartTransfer                  0x08004dfd   Thumb Code    16  u8x8_byte.o(i.u8x8_byte_StartTransfer)
    u8x8_byte_hw_i2c                         0x08004e0d   Thumb Code    98  oled.o(i.u8x8_byte_hw_i2c)
    u8x8_cad_EndTransfer                     0x08004e7d   Thumb Code    16  u8x8_cad.o(i.u8x8_cad_EndTransfer)
    u8x8_cad_SendArg                         0x08004e8d   Thumb Code    16  u8x8_cad.o(i.u8x8_cad_SendArg)
    u8x8_cad_SendCmd                         0x08004e9d   Thumb Code    16  u8x8_cad.o(i.u8x8_cad_SendCmd)
    u8x8_cad_SendData                        0x08004ead   Thumb Code    16  u8x8_cad.o(i.u8x8_cad_SendData)
    u8x8_cad_SendSequence                    0x08004ebd   Thumb Code   104  u8x8_cad.o(i.u8x8_cad_SendSequence)
    u8x8_cad_StartTransfer                   0x08004f25   Thumb Code    16  u8x8_cad.o(i.u8x8_cad_StartTransfer)
    u8x8_cad_ssd13xx_fast_i2c                0x08004f35   Thumb Code   182  u8x8_cad.o(i.u8x8_cad_ssd13xx_fast_i2c)
    u8x8_d_helper_display_init               0x08004ff1   Thumb Code    96  u8x8_display.o(i.u8x8_d_helper_display_init)
    u8x8_d_helper_display_setup_memory       0x08005051   Thumb Code    10  u8x8_display.o(i.u8x8_d_helper_display_setup_memory)
    u8x8_d_ssd1306_128x64_noname             0x0800505d   Thumb Code    52  u8x8_d_ssd1306_128x64_noname.o(i.u8x8_d_ssd1306_128x64_noname)
    u8x8_dummy_cb                            0x08005161   Thumb Code     4  u8x8_setup.o(i.u8x8_dummy_cb)
    u8x8_gpio_and_delay                      0x08005165   Thumb Code   106  oled.o(i.u8x8_gpio_and_delay)
    u8x8_gpio_call                           0x080051cf   Thumb Code    12  u8x8_gpio.o(i.u8x8_gpio_call)
    u8x8_utf8_init                           0x08005207   Thumb Code     8  u8x8_8x8.o(i.u8x8_utf8_init)
    AHBPrescTable                            0x0800520e   Data          16  system_stm32f1xx.o(.constdata)
    APBPrescTable                            0x0800521e   Data           8  system_stm32f1xx.o(.constdata)
    u8g2_font_freedoomr10_tu                 0x08005226   Data         658  u8g2_fonts.o(.constdata)
    u8g2_font_fub20_tn                       0x080054b8   Data         445  u8g2_fonts.o(.constdata)
    u8g2_font_5x8_tf                         0x08005675   Data        1786  u8g2_fonts.o(.constdata)
    u8g2_cb_r0                               0x08005d70   Data          12  u8g2_setup.o(.constdata)
    col0                                     0x08005ed4   Data          72  display.o(.constdata)
    col1                                     0x08005f1c   Data          72  display.o(.constdata)
    col2                                     0x08005f64   Data          72  display.o(.constdata)
    col3                                     0x08005fac   Data          72  display.o(.constdata)
    col4                                     0x08005ff4   Data          72  display.o(.constdata)
    col5                                     0x0800603c   Data          72  display.o(.constdata)
    col6                                     0x08006084   Data          72  display.o(.constdata)
    col7                                     0x080060cc   Data          72  display.o(.constdata)
    col8                                     0x08006114   Data          72  display.o(.constdata)
    col9                                     0x0800615c   Data          72  display.o(.constdata)
    col10                                    0x080061a4   Data          72  display.o(.constdata)
    col11                                    0x080061ec   Data          72  display.o(.constdata)
    col12                                    0x08006234   Data          72  display.o(.constdata)
    col13                                    0x0800627c   Data          72  display.o(.constdata)
    col14                                    0x080062c4   Data          72  display.o(.constdata)
    col15                                    0x0800630c   Data          72  display.o(.constdata)
    col16                                    0x08006354   Data          72  display.o(.constdata)
    col17                                    0x0800639c   Data          72  display.o(.constdata)
    col18                                    0x080063e4   Data          72  display.o(.constdata)
    col99                                    0x0800642c   Data          72  display.o(.constdata)
    degree                                   0x08006474   Data          11  display.o(.constdata)
    cent                                     0x0800647f   Data          11  display.o(.constdata)
    __ctype_categories                       0x0800648a   Data          64  ctype_c.o(.constdata)
    Region$$Table$$Base                      0x080064cc   Number         0  anon$$obj.o(Region$$Table)
    Region$$Table$$Limit                     0x080064ec   Number         0  anon$$obj.o(Region$$Table)
    uwTickFreq                               0x20000000   Data           1  stm32f1xx_hal.o(.data)
    uwTickPrio                               0x20000004   Data           4  stm32f1xx_hal.o(.data)
    uwTick                                   0x20000008   Data           4  stm32f1xx_hal.o(.data)
    SystemCoreClock                          0x2000000c   Data           4  system_stm32f1xx.o(.data)
    wCode                                    0x20000017   Data           1  display.o(.data)
    outdoorTemperature                       0x20000018   Data           1  display.o(.data)
    tstr                                     0x20000019   Data           5  display.o(.data)
    hstr                                     0x2000001e   Data           5  display.o(.data)
    otstr                                    0x20000023   Data           5  display.o(.data)
    temperature                              0x20000028   Data           2  dht11.o(.data)
    humidity                                 0x2000002a   Data           2  dht11.o(.data)
    UART1_Rx_flg                             0x2000002c   Data           1  user_uart.o(.data)
    UART1_temp                               0x2000002d   Data           1  user_uart.o(.data)
    UART2_Rx_flg                             0x2000002e   Data           1  user_uart.o(.data)
    UART2_temp                               0x2000002f   Data           1  user_uart.o(.data)
    UART1_Rx_cnt                             0x20000030   Data           4  user_uart.o(.data)
    UART2_Rx_cnt                             0x20000034   Data           4  user_uart.o(.data)
    tempData                                 0x20000038   Data           4  command.o(.data)
    USART3_RX_STA                            0x2000003c   Data           1  as608.o(.data)
    AS608Addr                                0x20000040   Data           4  as608.o(.data)
    Get_Device_Code                          0x20000044   Data          10  as608.o(.data)
    LOCK                                     0x2000004e   Data           1  lock.o(.data)
    LOCKStatus                               0x2000004f   Data           1  lock.o(.data)
    searchResult                             0x20000050   Data           4  lock.o(.data)
    CURTAIN                                  0x20000054   Data           1  rain.o(.data)
    __stdout                                 0x20000058   Data           4  stdout.o(.data)
    SendStr                                  0x2000005c   Data          20  main.o(.bss)
    hi2c1                                    0x20000070   Data          84  i2c.o(.bss)
    htim2                                    0x200000c4   Data          72  tim.o(.bss)
    huart1                                   0x2000010c   Data          68  usart.o(.bss)
    huart2                                   0x20000150   Data          68  usart.o(.bss)
    huart3                                   0x20000194   Data          68  usart.o(.bss)
    u8g2                                     0x200007d8   Data         148  display.o(.bss)
    timestr                                  0x2000086c   Data          10  display.o(.bss)
    CURRENT_TIME                             0x20000878   Data          12  time.o(.bss)
    UART1_Rx_Buf                             0x20000884   Data          64  user_uart.o(.bss)
    UART2_Rx_Buf                             0x200008c4   Data          64  user_uart.o(.bss)
    cmd                                      0x20000904   Data          10  command.o(.bss)
    USART3_RX_BUF                            0x2000090e   Data         400  as608.o(.bss)
    __initial_sp                             0x20000ea0   Data           0  startup_stm32f103xe.o(STACK)



==============================================================================

Memory Map of the image

  Image Entry point : 0x08000131

  Load Region LR_IROM1 (Base: 0x08000000, Size: 0x00006548, Max: 0x00080000, ABSOLUTE)

    Execution Region ER_IROM1 (Exec base: 0x08000000, Load base: 0x08000000, Size: 0x000064ec, Max: 0x00080000, ABSOLUTE)

    Exec Addr    Load Addr    Size         Type   Attr      Idx    E Section Name        Object

    0x08000000   0x08000000   0x00000130   Data   RO            3    RESET               startup_stm32f103xe.o
    0x08000130   0x08000130   0x00000000   Code   RO         6985  * .ARM.Collect$$$$00000000  mc_w.l(entry.o)
    0x08000130   0x08000130   0x00000004   Code   RO         7269    .ARM.Collect$$$$00000001  mc_w.l(entry2.o)
    0x08000134   0x08000134   0x00000004   Code   RO         7272    .ARM.Collect$$$$00000004  mc_w.l(entry5.o)
    0x08000138   0x08000138   0x00000000   Code   RO         7274    .ARM.Collect$$$$00000008  mc_w.l(entry7b.o)
    0x08000138   0x08000138   0x00000000   Code   RO         7276    .ARM.Collect$$$$0000000A  mc_w.l(entry8b.o)
    0x08000138   0x08000138   0x00000008   Code   RO         7277    .ARM.Collect$$$$0000000B  mc_w.l(entry9a.o)
    0x08000140   0x08000140   0x00000004   Code   RO         7284    .ARM.Collect$$$$0000000E  mc_w.l(entry12b.o)
    0x08000144   0x08000144   0x00000000   Code   RO         7279    .ARM.Collect$$$$0000000F  mc_w.l(entry10a.o)
    0x08000144   0x08000144   0x00000000   Code   RO         7281    .ARM.Collect$$$$00000011  mc_w.l(entry11a.o)
    0x08000144   0x08000144   0x00000004   Code   RO         7270    .ARM.Collect$$$$00002712  mc_w.l(entry2.o)
    0x08000148   0x08000148   0x00000024   Code   RO            4    .text               startup_stm32f103xe.o
    0x0800016c   0x0800016c   0x00000020   Code   RO         6988    .text               mc_w.l(llushr.o)
    0x0800018c   0x0800018c   0x00000024   Code   RO         6990    .text               mc_w.l(memseta.o)
    0x080001b0   0x080001b0   0x00000024   Code   RO         6992    .text               mc_w.l(strstr.o)
    0x080001d4   0x080001d4   0x0000001c   Code   RO         6994    .text               mc_w.l(strcmp.o)
    0x080001f0   0x080001f0   0x00000038   Code   RO         7257    .text               mc_w.l(__0sscanf.o)
    0x08000228   0x08000228   0x0000014c   Code   RO         7259    .text               mc_w.l(_scanf_int.o)
    0x08000374   0x08000374   0x000000e0   Code   RO         7261    .text               mc_w.l(_scanf_str.o)
    0x08000454   0x08000454   0x0000014e   Code   RO         7263    .text               mf_w.l(dadd.o)
    0x080005a2   0x080005a2   0x000000de   Code   RO         7265    .text               mf_w.l(ddiv.o)
    0x08000680   0x08000680   0x0000001a   Code   RO         7267    .text               mf_w.l(dfltui.o)
    0x0800069a   0x0800069a   0x0000002c   Code   RO         7286    .text               mc_w.l(uidiv.o)
    0x080006c6   0x080006c6   0x00000062   Code   RO         7288    .text               mc_w.l(uldiv.o)
    0x08000728   0x08000728   0x0000001e   Code   RO         7290    .text               mc_w.l(llshl.o)
    0x08000746   0x08000746   0x00000024   Code   RO         7292    .text               mc_w.l(llsshr.o)
    0x0800076a   0x0800076a   0x0000001c   Code   RO         7294    .text               mc_w.l(_chval.o)
    0x08000786   0x08000786   0x00000002   PAD
    0x08000788   0x08000788   0x00000028   Code   RO         7296    .text               mc_w.l(scanf_char.o)
    0x080007b0   0x080007b0   0x00000040   Code   RO         7298    .text               mc_w.l(_sgetc.o)
    0x080007f0   0x080007f0   0x00000000   Code   RO         7300    .text               mc_w.l(iusefp.o)
    0x080007f0   0x080007f0   0x000000ba   Code   RO         7301    .text               mf_w.l(depilogue.o)
    0x080008aa   0x080008aa   0x000000e4   Code   RO         7303    .text               mf_w.l(dmul.o)
    0x0800098e   0x0800098e   0x00000030   Code   RO         7305    .text               mf_w.l(dfixul.o)
    0x080009be   0x080009be   0x00000002   PAD
    0x080009c0   0x080009c0   0x00000030   Code   RO         7307    .text               mf_w.l(cdrcmple.o)
    0x080009f0   0x080009f0   0x00000024   Code   RO         7309    .text               mc_w.l(init.o)
    0x08000a14   0x08000a14   0x0000000a   Code   RO         7311    .text               mc_w.l(isspace_c.o)
    0x08000a1e   0x08000a1e   0x00000002   PAD
    0x08000a20   0x08000a20   0x00000330   Code   RO         7313    .text               mc_w.l(_scanf.o)
    0x08000d50   0x08000d50   0x00000028   Code   RO         7315    .text               mc_w.l(ctype_c.o)
    0x08000d78   0x08000d78   0x00000002   Code   RO          476    i.BusFault_Handler  stm32f1xx_it.o
    0x08000d7a   0x08000d7a   0x00000002   PAD
    0x08000d7c   0x08000d7c   0x0000002c   Code   RO         6865    i.CHECK_FR          lock.o
    0x08000da8   0x08000da8   0x00000028   Code   RO         6481    i.CheckTime         time.o
    0x08000dd0   0x08000dd0   0x00000010   Code   RO         6910    i.CloseCurtain      rain.o
    0x08000de0   0x08000de0   0x0000005c   Code   RO         6509    i.DHT11_Check       dht11.o
    0x08000e3c   0x08000e3c   0x0000001c   Code   RO         6510    i.DHT11_IO_IN       dht11.o
    0x08000e58   0x08000e58   0x00000020   Code   RO         6511    i.DHT11_IO_OUT      dht11.o
    0x08000e78   0x08000e78   0x0000005c   Code   RO         6513    i.DHT11_Read_Bit    dht11.o
    0x08000ed4   0x08000ed4   0x0000001a   Code   RO         6514    i.DHT11_Read_Byte   dht11.o
    0x08000eee   0x08000eee   0x00000058   Code   RO         6515    i.DHT11_Read_Data   dht11.o
    0x08000f46   0x08000f46   0x00000002   PAD
    0x08000f48   0x08000f48   0x00000034   Code   RO         6516    i.DHT11_Rst         dht11.o
    0x08000f7c   0x08000f7c   0x00000002   Code   RO          477    i.DebugMon_Handler  stm32f1xx_it.o
    0x08000f7e   0x08000f7e   0x00000002   PAD
    0x08000f80   0x08000f80   0x000000b0   Code   RO         6444    i.DisplayWeatherStatus  display.o
    0x08001030   0x08001030   0x00000004   Code   RO           13    i.Error_Handler     main.o
    0x08001034   0x08001034   0x00000046   Code   RO         1451    i.HAL_DMA_Abort     stm32f1xx_hal_dma.o
    0x0800107a   0x0800107a   0x00000002   PAD
    0x0800107c   0x0800107c   0x00000130   Code   RO         1452    i.HAL_DMA_Abort_IT  stm32f1xx_hal_dma.o
    0x080011ac   0x080011ac   0x00000024   Code   RO         1079    i.HAL_Delay         stm32f1xx_hal.o
    0x080011d0   0x080011d0   0x000001f8   Code   RO         1387    i.HAL_GPIO_Init     stm32f1xx_hal_gpio.o
    0x080013c8   0x080013c8   0x0000000a   Code   RO         1389    i.HAL_GPIO_ReadPin  stm32f1xx_hal_gpio.o
    0x080013d2   0x080013d2   0x00000010   Code   RO         1390    i.HAL_GPIO_TogglePin  stm32f1xx_hal_gpio.o
    0x080013e2   0x080013e2   0x0000000a   Code   RO         1391    i.HAL_GPIO_WritePin  stm32f1xx_hal_gpio.o
    0x080013ec   0x080013ec   0x0000000c   Code   RO         1083    i.HAL_GetTick       stm32f1xx_hal.o
    0x080013f8   0x080013f8   0x00000188   Code   RO          651    i.HAL_I2C_Init      stm32f1xx_hal_i2c.o
    0x08001580   0x08001580   0x0000012c   Code   RO          664    i.HAL_I2C_Master_Transmit  stm32f1xx_hal_i2c.o
    0x080016ac   0x080016ac   0x0000005c   Code   RO          339    i.HAL_I2C_MspInit   i2c.o
    0x08001708   0x08001708   0x00000010   Code   RO         1089    i.HAL_IncTick       stm32f1xx_hal.o
    0x08001718   0x08001718   0x00000024   Code   RO         1090    i.HAL_Init          stm32f1xx_hal.o
    0x0800173c   0x0800173c   0x00000040   Code   RO         1091    i.HAL_InitTick      stm32f1xx_hal.o
    0x0800177c   0x0800177c   0x0000003c   Code   RO          580    i.HAL_MspInit       stm32f1xx_hal_msp.o
    0x080017b8   0x080017b8   0x0000001a   Code   RO         1547    i.HAL_NVIC_EnableIRQ  stm32f1xx_hal_cortex.o
    0x080017d2   0x080017d2   0x00000002   PAD
    0x080017d4   0x080017d4   0x00000040   Code   RO         1553    i.HAL_NVIC_SetPriority  stm32f1xx_hal_cortex.o
    0x08001814   0x08001814   0x00000024   Code   RO         1554    i.HAL_NVIC_SetPriorityGrouping  stm32f1xx_hal_cortex.o
    0x08001838   0x08001838   0x0000012c   Code   RO         1247    i.HAL_RCC_ClockConfig  stm32f1xx_hal_rcc.o
    0x08001964   0x08001964   0x0000000c   Code   RO         1252    i.HAL_RCC_GetHCLKFreq  stm32f1xx_hal_rcc.o
    0x08001970   0x08001970   0x00000020   Code   RO         1254    i.HAL_RCC_GetPCLK1Freq  stm32f1xx_hal_rcc.o
    0x08001990   0x08001990   0x00000020   Code   RO         1255    i.HAL_RCC_GetPCLK2Freq  stm32f1xx_hal_rcc.o
    0x080019b0   0x080019b0   0x0000006c   Code   RO         1256    i.HAL_RCC_GetSysClockFreq  stm32f1xx_hal_rcc.o
    0x08001a1c   0x08001a1c   0x00000320   Code   RO         1259    i.HAL_RCC_OscConfig  stm32f1xx_hal_rcc.o
    0x08001d3c   0x08001d3c   0x00000028   Code   RO         1558    i.HAL_SYSTICK_Config  stm32f1xx_hal_cortex.o
    0x08001d64   0x08001d64   0x00000002   Code   RO         2753    i.HAL_TIMEx_BreakCallback  stm32f1xx_hal_tim_ex.o
    0x08001d66   0x08001d66   0x00000002   Code   RO         2754    i.HAL_TIMEx_CommutCallback  stm32f1xx_hal_tim_ex.o
    0x08001d68   0x08001d68   0x0000007c   Code   RO         2772    i.HAL_TIMEx_MasterConfigSynchronization  stm32f1xx_hal_tim_ex.o
    0x08001de4   0x08001de4   0x0000005a   Code   RO         2049    i.HAL_TIM_Base_Init  stm32f1xx_hal_tim.o
    0x08001e3e   0x08001e3e   0x00000002   PAD
    0x08001e40   0x08001e40   0x00000038   Code   RO          381    i.HAL_TIM_Base_MspInit  tim.o
    0x08001e78   0x08001e78   0x0000006c   Code   RO         2054    i.HAL_TIM_Base_Start_IT  stm32f1xx_hal_tim.o
    0x08001ee4   0x08001ee4   0x000000d6   Code   RO         2058    i.HAL_TIM_ConfigClockSource  stm32f1xx_hal_tim.o
    0x08001fba   0x08001fba   0x00000002   Code   RO         2083    i.HAL_TIM_IC_CaptureCallback  stm32f1xx_hal_tim.o
    0x08001fbc   0x08001fbc   0x00000166   Code   RO         2097    i.HAL_TIM_IRQHandler  stm32f1xx_hal_tim.o
    0x08002122   0x08002122   0x00000002   Code   RO         2100    i.HAL_TIM_OC_DelayElapsedCallback  stm32f1xx_hal_tim.o
    0x08002124   0x08002124   0x00000002   Code   RO         2127    i.HAL_TIM_PWM_PulseFinishedCallback  stm32f1xx_hal_tim.o
    0x08002126   0x08002126   0x00000002   PAD
    0x08002128   0x08002128   0x00000030   Code   RO           14    i.HAL_TIM_PeriodElapsedCallback  main.o
    0x08002158   0x08002158   0x00000002   Code   RO         2140    i.HAL_TIM_TriggerCallback  stm32f1xx_hal_tim.o
    0x0800215a   0x0800215a   0x00000002   Code   RO         3031    i.HAL_UARTEx_RxEventCallback  stm32f1xx_hal_uart.o
    0x0800215c   0x0800215c   0x00000002   Code   RO         3045    i.HAL_UART_ErrorCallback  stm32f1xx_hal_uart.o
    0x0800215e   0x0800215e   0x00000002   PAD
    0x08002160   0x08002160   0x0000020c   Code   RO         3048    i.HAL_UART_IRQHandler  stm32f1xx_hal_uart.o
    0x0800236c   0x0800236c   0x00000062   Code   RO         3049    i.HAL_UART_Init     stm32f1xx_hal_uart.o
    0x080023ce   0x080023ce   0x00000002   PAD
    0x080023d0   0x080023d0   0x00000134   Code   RO          423    i.HAL_UART_MspInit  usart.o
    0x08002504   0x08002504   0x0000002a   Code   RO         3054    i.HAL_UART_Receive_IT  stm32f1xx_hal_uart.o
    0x0800252e   0x0800252e   0x00000002   PAD
    0x08002530   0x08002530   0x0000008c   Code   RO         6582    i.HAL_UART_RxCpltCallback  user_uart.o
    0x080025bc   0x080025bc   0x000000b2   Code   RO         3057    i.HAL_UART_Transmit  stm32f1xx_hal_uart.o
    0x0800266e   0x0800266e   0x00000002   Code   RO         3060    i.HAL_UART_TxCpltCallback  stm32f1xx_hal_uart.o
    0x08002670   0x08002670   0x00000002   Code   RO          478    i.HardFault_Handler  stm32f1xx_it.o
    0x08002672   0x08002672   0x0000002e   Code   RO          693    i.I2C_IsAcknowledgeFailed  stm32f1xx_hal_i2c.o
    0x080026a0   0x080026a0   0x0000009c   Code   RO          697    i.I2C_MasterRequestWrite  stm32f1xx_hal_i2c.o
    0x0800273c   0x0800273c   0x0000004c   Code   RO          708    i.I2C_WaitOnBTFFlagUntilTimeout  stm32f1xx_hal_i2c.o
    0x08002788   0x08002788   0x00000068   Code   RO          709    i.I2C_WaitOnFlagUntilTimeout  stm32f1xx_hal_i2c.o
    0x080027f0   0x080027f0   0x00000096   Code   RO          710    i.I2C_WaitOnMasterAddressFlagUntilTimeout  stm32f1xx_hal_i2c.o
    0x08002886   0x08002886   0x0000004c   Code   RO          712    i.I2C_WaitOnTXEFlagUntilTimeout  stm32f1xx_hal_i2c.o
    0x080028d2   0x080028d2   0x00000002   PAD
    0x080028d4   0x080028d4   0x00000068   Code   RO         6669    i.JudgeStr          as608.o
    0x0800293c   0x0800293c   0x00000138   Code   RO          227    i.MX_GPIO_Init      gpio.o
    0x08002a74   0x08002a74   0x00000040   Code   RO          340    i.MX_I2C1_Init      i2c.o
    0x08002ab4   0x08002ab4   0x00000068   Code   RO          382    i.MX_TIM2_Init      tim.o
    0x08002b1c   0x08002b1c   0x00000038   Code   RO          424    i.MX_USART1_UART_Init  usart.o
    0x08002b54   0x08002b54   0x00000038   Code   RO          425    i.MX_USART2_UART_Init  usart.o
    0x08002b8c   0x08002b8c   0x00000038   Code   RO          426    i.MX_USART3_UART_Init  usart.o
    0x08002bc4   0x08002bc4   0x0000001c   Code   RO         6670    i.MYUSART_SendData  as608.o
    0x08002be0   0x08002be0   0x00000002   Code   RO          479    i.MemManage_Handler  stm32f1xx_it.o
    0x08002be2   0x08002be2   0x00000002   PAD
    0x08002be4   0x08002be4   0x00000034   Code   RO         6946    i.MotorStop         motor.o
    0x08002c18   0x08002c18   0x0000003c   Code   RO         6947    i.Motor_Ctrl_Direction_Angle  motor.o
    0x08002c54   0x08002c54   0x00000074   Code   RO         6948    i.Motor_Forward_Ration  motor.o
    0x08002cc8   0x08002cc8   0x00000074   Code   RO         6949    i.Motor_Reverse_Rotation  motor.o
    0x08002d3c   0x08002d3c   0x00000002   Code   RO          480    i.NMI_Handler       stm32f1xx_it.o
    0x08002d3e   0x08002d3e   0x00000002   PAD
    0x08002d40   0x08002d40   0x00000010   Code   RO         6911    i.OpenCurtain       rain.o
    0x08002d50   0x08002d50   0x0000003c   Code   RO         6673    i.PS_GenChar        as608.o
    0x08002d8c   0x08002d8c   0x0000002e   Code   RO         6674    i.PS_GetImage       as608.o
    0x08002dba   0x08002dba   0x00000084   Code   RO         6676    i.PS_HighSpeedSearch  as608.o
    0x08002e3e   0x08002e3e   0x00000002   PAD
    0x08002e40   0x08002e40   0x000001cc   Code   RO         6633    i.ParseCommand      command.o
    0x0800300c   0x0800300c   0x00000002   Code   RO          481    i.PendSV_Handler    stm32f1xx_it.o
    0x0800300e   0x0800300e   0x00000002   PAD
    0x08003010   0x08003010   0x00000214   Code   RO         6445    i.RefreshScreen     display.o
    0x08003224   0x08003224   0x00000002   Code   RO          482    i.SVC_Handler       stm32f1xx_it.o
    0x08003226   0x08003226   0x00000002   PAD
    0x08003228   0x08003228   0x00000030   Code   RO         6687    i.SendAddr          as608.o
    0x08003258   0x08003258   0x00000014   Code   RO         6688    i.SendCheck         as608.o
    0x0800326c   0x0800326c   0x00000020   Code   RO         6689    i.SendHead          as608.o
    0x0800328c   0x0800328c   0x00000016   Code   RO         6690    i.SendLength        as608.o
    0x080032a2   0x080032a2   0x00000004   Code   RO          483    i.SysTick_Handler   stm32f1xx_it.o
    0x080032a6   0x080032a6   0x0000005e   Code   RO           15    i.SystemClock_Config  main.o
    0x08003304   0x08003304   0x00000002   Code   RO         3378    i.SystemInit        system_stm32f1xx.o
    0x08003306   0x08003306   0x00000002   PAD
    0x08003308   0x08003308   0x0000000c   Code   RO          484    i.TIM2_IRQHandler   stm32f1xx_it.o
    0x08003314   0x08003314   0x0000008c   Code   RO         2142    i.TIM_Base_SetConfig  stm32f1xx_hal_tim.o
    0x080033a0   0x080033a0   0x00000014   Code   RO         2153    i.TIM_ETR_SetConfig  stm32f1xx_hal_tim.o
    0x080033b4   0x080033b4   0x00000010   Code   RO         2154    i.TIM_ITRx_SetConfig  stm32f1xx_hal_tim.o
    0x080033c4   0x080033c4   0x00000022   Code   RO         2160    i.TIM_TI1_ConfigInputStage  stm32f1xx_hal_tim.o
    0x080033e6   0x080033e6   0x00000024   Code   RO         2162    i.TIM_TI2_ConfigInputStage  stm32f1xx_hal_tim.o
    0x0800340a   0x0800340a   0x0000000a   Code   RO         6482    i.Tick              time.o
    0x08003414   0x08003414   0x00000028   Code   RO         6583    i.UART1_Rx_Clear    user_uart.o
    0x0800343c   0x0800343c   0x00000028   Code   RO         6584    i.UART2_Rx_Clear    user_uart.o
    0x08003464   0x08003464   0x00000010   Code   RO         3062    i.UART_DMAAbortOnError  stm32f1xx_hal_uart.o
    0x08003474   0x08003474   0x00000030   Code   RO         3072    i.UART_EndRxTransfer  stm32f1xx_hal_uart.o
    0x080034a4   0x080034a4   0x000000b6   Code   RO         3074    i.UART_Receive_IT   stm32f1xx_hal_uart.o
    0x0800355a   0x0800355a   0x00000002   PAD
    0x0800355c   0x0800355c   0x000000b8   Code   RO         3075    i.UART_SetConfig    stm32f1xx_hal_uart.o
    0x08003614   0x08003614   0x00000036   Code   RO         3077    i.UART_Start_Receive_IT  stm32f1xx_hal_uart.o
    0x0800364a   0x0800364a   0x00000064   Code   RO         3078    i.UART_WaitOnFlagUntilTimeout  stm32f1xx_hal_uart.o
    0x080036ae   0x080036ae   0x00000002   PAD
    0x080036b0   0x080036b0   0x0000000c   Code   RO          485    i.USART1_IRQHandler  stm32f1xx_it.o
    0x080036bc   0x080036bc   0x0000000c   Code   RO          486    i.USART2_IRQHandler  stm32f1xx_it.o
    0x080036c8   0x080036c8   0x0000003c   Code   RO          487    i.USART3_IRQHandler  stm32f1xx_it.o
    0x08003704   0x08003704   0x00000002   Code   RO          488    i.UsageFault_Handler  stm32f1xx_it.o
    0x08003706   0x08003706   0x00000002   PAD
    0x08003708   0x08003708   0x00000020   Code   RO         7229    i.__0printf         mc_w.l(printfa.o)
    0x08003728   0x08003728   0x00000028   Code   RO         7231    i.__0sprintf        mc_w.l(printfa.o)
    0x08003750   0x08003750   0x00000020   Code   RO         1560    i.__NVIC_SetPriority  stm32f1xx_hal_cortex.o
    0x08003770   0x08003770   0x0000000e   Code   RO         7320    i.__scatterload_copy  mc_w.l(handlers.o)
    0x0800377e   0x0800377e   0x00000002   Code   RO         7321    i.__scatterload_null  mc_w.l(handlers.o)
    0x08003780   0x08003780   0x0000000e   Code   RO         7322    i.__scatterload_zeroinit  mc_w.l(handlers.o)
    0x0800378e   0x0800378e   0x00000002   PAD
    0x08003790   0x08003790   0x00000184   Code   RO         7236    i._fp_digits        mc_w.l(printfa.o)
    0x08003914   0x08003914   0x000006b4   Code   RO         7237    i._printf_core      mc_w.l(printfa.o)
    0x08003fc8   0x08003fc8   0x00000024   Code   RO         7238    i._printf_post_padding  mc_w.l(printfa.o)
    0x08003fec   0x08003fec   0x0000002e   Code   RO         7239    i._printf_pre_padding  mc_w.l(printfa.o)
    0x0800401a   0x0800401a   0x0000000a   Code   RO         7241    i._sputc            mc_w.l(printfa.o)
    0x08004024   0x08004024   0x00000058   Code   RO         6692    i.as608_init        as608.o
    0x0800407c   0x0800407c   0x0000001c   Code   RO         6408    i.delay_us          delay.o
    0x08004098   0x08004098   0x0000001c   Code   RO           16    i.fputc             main.o
    0x080040b4   0x080040b4   0x00000224   Code   RO           17    i.main              main.o
    0x080042d8   0x080042d8   0x000000a8   Code   RO         6693    i.press_FR          as608.o
    0x08004380   0x08004380   0x00000034   Code   RO         4034    i.u8g2Init          oled.o
    0x080043b4   0x080043b4   0x00000012   Code   RO         4189    i.u8g2_ClearBuffer  u8g2_buffer.o
    0x080043c6   0x080043c6   0x0000006e   Code   RO         4476    i.u8g2_DrawGlyph    u8g2_font.o
    0x08004434   0x08004434   0x000000ac   Code   RO         4783    i.u8g2_DrawHVLine   u8g2_hvline.o
    0x080044e0   0x080044e0   0x00000094   Code   RO         4089    i.u8g2_DrawHXBMP    u8g2_bitmap.o
    0x08004574   0x08004574   0x00000010   Code   RO         4477    i.u8g2_DrawStr      u8g2_font.o
    0x08004584   0x08004584   0x0000004c   Code   RO         4092    i.u8g2_DrawXBMP     u8g2_bitmap.o
    0x080045d0   0x080045d0   0x00000030   Code   RO         4868    i.u8g2_IsIntersection  u8g2_intersection.o
    0x08004600   0x08004600   0x00000012   Code   RO         4192    i.u8g2_SendBuffer   u8g2_buffer.o
    0x08004612   0x08004612   0x00000020   Code   RO         4491    i.u8g2_SetFont      u8g2_font.o
    0x08004632   0x08004632   0x00000006   Code   RO         4492    i.u8g2_SetFontDirection  u8g2_font.o
    0x08004638   0x08004638   0x00000006   Code   RO         4493    i.u8g2_SetFontMode  u8g2_font.o
    0x0800463e   0x0800463e   0x00000002   PAD
    0x08004640   0x08004640   0x0000000c   Code   RO         4494    i.u8g2_SetFontPosBaseline  u8g2_font.o
    0x0800464c   0x0800464c   0x0000001c   Code   RO         5140    i.u8g2_SetMaxClipWindow  u8g2_setup.o
    0x08004668   0x08004668   0x00000042   Code   RO         5141    i.u8g2_SetupBuffer  u8g2_setup.o
    0x080046aa   0x080046aa   0x00000002   PAD
    0x080046ac   0x080046ac   0x00000038   Code   RO         4450    i.u8g2_Setup_ssd1306_i2c_128x64_noname_f  u8g2_d_setup.o
    0x080046e4   0x080046e4   0x00000052   Code   RO         4501    i.u8g2_UpdateRefHeight  u8g2_font.o
    0x08004736   0x08004736   0x0000001c   Code   RO         4502    i.u8g2_add_vector_x  u8g2_font.o
    0x08004752   0x08004752   0x0000001c   Code   RO         4503    i.u8g2_add_vector_y  u8g2_font.o
    0x0800476e   0x0800476e   0x0000006e   Code   RO         5143    i.u8g2_apply_clip_window  u8g2_setup.o
    0x080047dc   0x080047dc   0x0000003c   Code   RO         4787    i.u8g2_clip_intersection2  u8g2_hvline.o
    0x08004818   0x08004818   0x00000012   Code   RO         4788    i.u8g2_draw_hv_line_2dir  u8g2_hvline.o
    0x0800482a   0x0800482a   0x0000000c   Code   RO         5145    i.u8g2_draw_l90_r0  u8g2_setup.o
    0x08004836   0x08004836   0x00000076   Code   RO         4504    i.u8g2_draw_string  u8g2_font.o
    0x080048ac   0x080048ac   0x00000004   Code   RO         4507    i.u8g2_font_calc_vref_font  u8g2_font.o
    0x080048b0   0x080048b0   0x00000014   Code   RO         4509    i.u8g2_font_decode_get_signed_bits  u8g2_font.o
    0x080048c4   0x080048c4   0x00000034   Code   RO         4510    i.u8g2_font_decode_get_unsigned_bits  u8g2_font.o
    0x080048f8   0x080048f8   0x00000114   Code   RO         4511    i.u8g2_font_decode_glyph  u8g2_font.o
    0x08004a0c   0x08004a0c   0x0000008c   Code   RO         4512    i.u8g2_font_decode_len  u8g2_font.o
    0x08004a98   0x08004a98   0x00000072   Code   RO         4513    i.u8g2_font_get_glyph_data  u8g2_font.o
    0x08004b0a   0x08004b0a   0x00000014   Code   RO         4514    i.u8g2_font_get_word  u8g2_font.o
    0x08004b1e   0x08004b1e   0x00000034   Code   RO         4515    i.u8g2_font_setup_decode  u8g2_font.o
    0x08004b52   0x08004b52   0x00000018   Code   RO         4869    i.u8g2_is_intersection_decision_tree  u8g2_intersection.o
    0x08004b6a   0x08004b6a   0x00000002   PAD
    0x08004b6c   0x08004b6c   0x00000090   Code   RO         4953    i.u8g2_ll_hvline_vertical_top_lsb  u8g2_ll_hvline.o
    0x08004bfc   0x08004bfc   0x0000000c   Code   RO         4415    i.u8g2_m_16_8_f     u8g2_d_memory.o
    0x08004c08   0x08004c08   0x0000006a   Code   RO         4516    i.u8g2_read_font_info  u8g2_font.o
    0x08004c72   0x08004c72   0x0000004e   Code   RO         4200    i.u8g2_send_buffer  u8g2_buffer.o
    0x08004cc0   0x08004cc0   0x00000046   Code   RO         5150    i.u8g2_update_dimension_common  u8g2_setup.o
    0x08004d06   0x08004d06   0x00000004   Code   RO         5151    i.u8g2_update_dimension_r0  u8g2_setup.o
    0x08004d0a   0x08004d0a   0x00000022   Code   RO         5155    i.u8g2_update_page_win_r0  u8g2_setup.o
    0x08004d2c   0x08004d2c   0x0000001e   Code   RO         5984    i.u8x8_DrawTile     u8x8_display.o
    0x08004d4a   0x08004d4a   0x00000010   Code   RO         5986    i.u8x8_InitDisplay  u8x8_display.o
    0x08004d5a   0x08004d5a   0x00000010   Code   RO         5988    i.u8x8_RefreshDisplay  u8x8_display.o
    0x08004d6a   0x08004d6a   0x00000010   Code   RO         5991    i.u8x8_SetPowerSave  u8x8_display.o
    0x08004d7a   0x08004d7a   0x00000022   Code   RO         6290    i.u8x8_Setup        u8x8_setup.o
    0x08004d9c   0x08004d9c   0x00000024   Code   RO         6291    i.u8x8_SetupDefaults  u8x8_setup.o
    0x08004dc0   0x08004dc0   0x00000010   Code   RO         5992    i.u8x8_SetupMemory  u8x8_display.o
    0x08004dd0   0x08004dd0   0x0000000e   Code   RO         5460    i.u8x8_ascii_next   u8x8_8x8.o
    0x08004dde   0x08004dde   0x00000010   Code   RO         5585    i.u8x8_byte_EndTransfer  u8x8_byte.o
    0x08004dee   0x08004dee   0x0000000e   Code   RO         5586    i.u8x8_byte_SendByte  u8x8_byte.o
    0x08004dfc   0x08004dfc   0x00000010   Code   RO         5589    i.u8x8_byte_StartTransfer  u8x8_byte.o
    0x08004e0c   0x08004e0c   0x00000070   Code   RO         4035    i.u8x8_byte_hw_i2c  oled.o
    0x08004e7c   0x08004e7c   0x00000010   Code   RO         5705    i.u8x8_cad_EndTransfer  u8x8_cad.o
    0x08004e8c   0x08004e8c   0x00000010   Code   RO         5706    i.u8x8_cad_SendArg  u8x8_cad.o
    0x08004e9c   0x08004e9c   0x00000010   Code   RO         5707    i.u8x8_cad_SendCmd  u8x8_cad.o
    0x08004eac   0x08004eac   0x00000010   Code   RO         5708    i.u8x8_cad_SendData  u8x8_cad.o
    0x08004ebc   0x08004ebc   0x00000068   Code   RO         5710    i.u8x8_cad_SendSequence  u8x8_cad.o
    0x08004f24   0x08004f24   0x00000010   Code   RO         5711    i.u8x8_cad_StartTransfer  u8x8_cad.o
    0x08004f34   0x08004f34   0x000000bc   Code   RO         5714    i.u8x8_cad_ssd13xx_fast_i2c  u8x8_cad.o
    0x08004ff0   0x08004ff0   0x00000060   Code   RO         5993    i.u8x8_d_helper_display_init  u8x8_display.o
    0x08005050   0x08005050   0x0000000a   Code   RO         5994    i.u8x8_d_helper_display_setup_memory  u8x8_display.o
    0x0800505a   0x0800505a   0x00000002   PAD
    0x0800505c   0x0800505c   0x0000003c   Code   RO         5918    i.u8x8_d_ssd1306_128x64_noname  u8x8_d_ssd1306_128x64_noname.o
    0x08005098   0x08005098   0x000000c8   Code   RO         5920    i.u8x8_d_ssd1306_sh1106_generic  u8x8_d_ssd1306_128x64_noname.o
    0x08005160   0x08005160   0x00000004   Code   RO         6293    i.u8x8_dummy_cb     u8x8_setup.o
    0x08005164   0x08005164   0x0000006a   Code   RO         4036    i.u8x8_gpio_and_delay  oled.o
    0x080051ce   0x080051ce   0x0000000c   Code   RO         6212    i.u8x8_gpio_call    u8x8_gpio.o
    0x080051da   0x080051da   0x0000002c   Code   RO         5722    i.u8x8_i2c_data_transfer  u8x8_cad.o
    0x08005206   0x08005206   0x00000008   Code   RO         5468    i.u8x8_utf8_init    u8x8_8x8.o
    0x0800520e   0x0800520e   0x00000010   Data   RO         3379    .constdata          system_stm32f1xx.o
    0x0800521e   0x0800521e   0x00000008   Data   RO         3380    .constdata          system_stm32f1xx.o
    0x08005226   0x08005226   0x00000292   Data   RO         4755    .constdata          u8g2_fonts.o
    0x080054b8   0x080054b8   0x000001bd   Data   RO         4756    .constdata          u8g2_fonts.o
    0x08005675   0x08005675   0x000006fa   Data   RO         4757    .constdata          u8g2_fonts.o
    0x08005d6f   0x08005d6f   0x00000001   PAD
    0x08005d70   0x08005d70   0x0000000c   Data   RO         5159    .constdata          u8g2_setup.o
    0x08005d7c   0x08005d7c   0x00000158   Data   RO         5922    .constdata          u8x8_d_ssd1306_128x64_noname.o
    0x08005ed4   0x08005ed4   0x000005b6   Data   RO         6448    .constdata          display.o
    0x0800648a   0x0800648a   0x00000040   Data   RO         7316    .constdata          mc_w.l(ctype_c.o)
    0x080064ca   0x080064ca   0x00000002   PAD
    0x080064cc   0x080064cc   0x00000020   Data   RO         7318    Region$$Table       anon$$obj.o


    Execution Region RW_IRAM1 (Exec base: 0x20000000, Load base: 0x080064ec, Size: 0x00000ea0, Max: 0x00010000, ABSOLUTE)

    Exec Addr    Load Addr    Size         Type   Attr      Idx    E Section Name        Object

    0x20000000   0x080064ec   0x0000000c   Data   RW         1097    .data               stm32f1xx_hal.o
    0x2000000c   0x080064f8   0x00000004   Data   RW         3381    .data               system_stm32f1xx.o
    0x20000010   0x080064fc   0x00000001   Data   RW         4038    .data               oled.o
    0x20000011   0x080064fd   0x00000006   Data   RW         5724    .data               u8x8_cad.o
    0x20000017   0x08006503   0x00000011   Data   RW         6450    .data               display.o
    0x20000028   0x08006514   0x00000002   Data   RW         6517    .data               dht11.o
    0x2000002a   0x08006516   0x00000002   Data   RW         6518    .data               dht11.o
    0x2000002c   0x08006518   0x0000000c   Data   RW         6586    .data               user_uart.o
    0x20000038   0x08006524   0x00000004   Data   RW         6636    .data               command.o
    0x2000003c   0x08006528   0x00000012   Data   RW         6696    .data               as608.o
    0x2000004e   0x0800653a   0x00000006   Data   RW         6867    .data               lock.o
    0x20000054   0x08006540   0x00000001   Data   RW         6912    .data               rain.o
    0x20000055   0x08006541   0x00000003   PAD
    0x20000058   0x08006544   0x00000004   Data   RW         7285    .data               mc_w.l(stdout.o)
    0x2000005c        -       0x00000014   Zero   RW           18    .bss                main.o
    0x20000070        -       0x00000054   Zero   RW          341    .bss                i2c.o
    0x200000c4        -       0x00000048   Zero   RW          383    .bss                tim.o
    0x2000010c        -       0x000000cc   Zero   RW          427    .bss                usart.o
    0x200001d8        -       0x00000080   Zero   RW         4037    .bss                oled.o
    0x20000258        -       0x00000580   Zero   RW         4416    .bss                u8g2_d_memory.o
    0x200007d8        -       0x0000009e   Zero   RW         6446    .bss                display.o
    0x20000876   0x08006548   0x00000002   PAD
    0x20000878        -       0x0000000c   Zero   RW         6483    .bss                time.o
    0x20000884        -       0x00000080   Zero   RW         6585    .bss                user_uart.o
    0x20000904        -       0x0000000a   Zero   RW         6634    .bss                command.o
    0x2000090e        -       0x00000190   Zero   RW         6694    .bss                as608.o
    0x20000a9e   0x08006548   0x00000002   PAD
    0x20000aa0        -       0x00000400   Zero   RW            1    STACK               startup_stm32f103xe.o


==============================================================================

Image component sizes


      Code (inc. data)   RO Data    RW Data    ZI Data      Debug   Object Name

       748        118          0         18        400       7656   as608.o
       460        100          0          4         10       1485   command.o
        28          6          0          0          0        467   delay.o
       410         26          0          4          0       4157   dht11.o
       708        186       1462         17        158       2975   display.o
       312         26          0          0          0     489555   gpio.o
       156         26          0          0         84       1537   i2c.o
        44          6          0          6          0        774   lock.o
       722        170          0          0         20     645278   main.o
       344         12          0          0          0       2029   motor.o
         0          0          0          0          0     157072   mui_u8g2.o
       270         28          0          1        128       2368   oled.o
        32          8          0          1          0        983   rain.o
        36          8        304          0       1024        780   startup_stm32f103xe.o
       164         28          0         12          0       6337   stm32f1xx_hal.o
       198         14          0          0          0      28803   stm32f1xx_hal_cortex.o
       374          8          0          0          0       1767   stm32f1xx_hal_dma.o
       540         42          0          0          0       4028   stm32f1xx_hal_gpio.o
      1300         32          0          0          0       8713   stm32f1xx_hal_i2c.o
        60          8          0          0          0        826   stm32f1xx_hal_msp.o
      1284        106          0          0          0       5488   stm32f1xx_hal_rcc.o
      1024         40          0          0          0       9365   stm32f1xx_hal_tim.o
       128         20          0          0          0       2281   stm32f1xx_hal_tim_ex.o
      1432         10          0          0          0      10212   stm32f1xx_hal_uart.o
       116         30          0          0          0       6565   stm32f1xx_it.o
         2          0         24          4          0       1047   system_stm32f1xx.o
       160         10          0          0         72       1574   tim.o
        50          0          0          0         12       1669   time.o
       224          0          0          0          0       1997   u8g2_bitmap.o
       114          0          0          0          0       2367   u8g2_buffer.o
        12          4          0          0       1408       1668   u8g2_d_memory.o
        56         14          0          0          0        997   u8g2_d_setup.o
      1222         10          0          0          0      14039   u8g2_font.o
         0          0       2889          0          0        974   u8g2_fonts.o
       250          0          0          0          0       2339   u8g2_hvline.o
        72          0          0          0          0       1807   u8g2_intersection.o
       144          0          0          0          0       1322   u8g2_ll_hvline.o
       324          0         12          0          0     144477   u8g2_setup.o
         0          0          0          0          0      16968   u8log.o
        22          0          0          0          0       1741   u8x8_8x8.o
        46          0          0          0          0       1571   u8x8_byte.o
       416         12          0          6          0       8400   u8x8_cad.o
       260         12        344          0          0       2979   u8x8_d_ssd1306_128x64_noname.o
       200          0          0          0          0       4078   u8x8_display.o
        12          0          0          0          0        553   u8x8_gpio.o
        74          4          0          0          0       1646   u8x8_setup.o
       476         50          0          0        204       2920   usart.o
       220         46          0         12        128       2510   user_uart.o

    ----------------------------------------------------------------------
     15294       1220       5068         88       3652    1621144   Object Totals
         0          0         32          0          0          0   (incl. Generated)
        48          0          1          3          4          0   (incl. Padding)

    ----------------------------------------------------------------------

      Code (inc. data)   RO Data    RW Data    ZI Data      Debug   Library Member Name

        56          8          0          0          0         84   __0sscanf.o
        28          0          0          0          0         68   _chval.o
       816          6          0          0          0        112   _scanf.o
       332          0          0          0          0         96   _scanf_int.o
       224          0          0          0          0         96   _scanf_str.o
        64          0          0          0          0         84   _sgetc.o
        40          6         64          0          0         68   ctype_c.o
         0          0          0          0          0          0   entry.o
         0          0          0          0          0          0   entry10a.o
         0          0          0          0          0          0   entry11a.o
         4          0          0          0          0          0   entry12b.o
         8          4          0          0          0          0   entry2.o
         4          0          0          0          0          0   entry5.o
         0          0          0          0          0          0   entry7b.o
         0          0          0          0          0          0   entry8b.o
         8          4          0          0          0          0   entry9a.o
        30          0          0          0          0          0   handlers.o
        36          8          0          0          0         68   init.o
        10          0          0          0          0         68   isspace_c.o
         0          0          0          0          0          0   iusefp.o
        30          0          0          0          0         68   llshl.o
        36          0          0          0          0         68   llsshr.o
        32          0          0          0          0         68   llushr.o
        36          0          0          0          0        108   memseta.o
      2268         96          0          0          0        616   printfa.o
        40          8          0          0          0         84   scanf_char.o
         0          0          0          4          0          0   stdout.o
        28          0          0          0          0         76   strcmp.o
        36          0          0          0          0         80   strstr.o
        44          0          0          0          0         80   uidiv.o
        98          0          0          0          0         92   uldiv.o
        48          0          0          0          0         68   cdrcmple.o
       334          0          0          0          0        148   dadd.o
       222          0          0          0          0        100   ddiv.o
       186          0          0          0          0        176   depilogue.o
        48          0          0          0          0         68   dfixul.o
        26          0          0          0          0         76   dfltui.o
       228          0          0          0          0         96   dmul.o

    ----------------------------------------------------------------------
      5408        140         66          4          0       2816   Library Totals
         8          0          2          0          0          0   (incl. Padding)

    ----------------------------------------------------------------------

      Code (inc. data)   RO Data    RW Data    ZI Data      Debug   Library Name

      4308        140         64          4          0       2084   mc_w.l
      1092          0          0          0          0        732   mf_w.l

    ----------------------------------------------------------------------
      5408        140         66          4          0       2816   Library Totals

    ----------------------------------------------------------------------

==============================================================================


      Code (inc. data)   RO Data    RW Data    ZI Data      Debug   

     20702       1360       5134         92       3652    1612984   Grand Totals
     20702       1360       5134         92       3652    1612984   ELF Image Totals
     20702       1360       5134         92          0          0   ROM Totals

==============================================================================

    Total RO  Size (Code + RO Data)                25836 (  25.23kB)
    Total RW  Size (RW Data + ZI Data)              3744 (   3.66kB)
    Total ROM Size (Code + RO Data + RW Data)      25928 (  25.32kB)

==============================================================================

