<html>
<body>
<pre>
<h1>µVision Build Log</h1>
<h2>Tool Versions:</h2>
IDE-Version: ¦ÌVision V5.34.0.0
Copyright (C) 2021 ARM Ltd and ARM Germany GmbH. All rights reserved.
License Information: 1 1, 1, LIC=CRMW3-A7LGM-GQB0H-WVY0B-RL726-PMCQG
 
Tool Versions:
Toolchain:       MDK-ARM Professional  Version: 5.34.0.0
Toolchain Path:  C:\Keil_v5\ARM\ARMCC\Bin
C Compiler:      Armcc.exe V5.06 update 7 (build 960)
Assembler:       Armasm.exe V5.06 update 7 (build 960)
Linker/Locator:  ArmLink.exe V5.06 update 7 (build 960)
Library Manager: ArmAr.exe V5.06 update 7 (build 960)
Hex Converter:   FromElf.exe V5.06 update 7 (build 960)
CPU DLL:         SARMCM3.DLL V5.34.0.0
Dialog DLL:      DCM.DLL V1.17.3.0
Target DLL:      STLink\ST-LINKIII-KEIL_SWO.dll V3.0.8.0
Dialog DLL:      TCM.DLL V1.48.0.0
 
<h2>Project:</h2>
d:\projects\CubeMX\SmartClock\MDK-ARM\SmartClock.uvprojx
Project File Date:  09/24/2022

<h2>Output:</h2>
*** Using Compiler 'V5.06 update 7 (build 960)', folder: 'C:\Keil_v5\ARM\ARMCC\Bin'
Build target 'SmartClock'
compiling main.c...
../Lib/inc/display.h(60): warning:  #1295-D: Deprecated declaration RefreshScreen - give arg types
  void RefreshScreen();
../Lib/inc/display.h(61): warning:  #1-D: last line of file ends without a newline
  void DisplayWeatherStatus(u8g2_t *u8g2, uint8_t x);
../Lib/inc/command.h(7): warning:  #1-D: last line of file ends without a newline
  void ParseCommand(UART_HandleTypeDef *huart);
../Lib/inc/lock.h(8): warning:  #1295-D: Deprecated declaration CHECK_FR - give arg types
  uint8_t CHECK_FR();
../Lib/inc/rain.h(6): warning:  #1-D: last line of file ends without a newline
  void CloseCurtain(void);
../Core/Src/main.c(163): warning:  #167-D: argument of type "uint8_t *" is incompatible with parameter of type "char *restrict"
        sprintf(SendStr, "SETTEMP %f\n", ((temperature>>8) + (temperature & 0xff)/100.0));
../Core/Src/main.c(165): warning:  #167-D: argument of type "uint8_t *" is incompatible with parameter of type "char *restrict"
        sprintf(SendStr, "SETHUMI %f\n", ((humidity>>8) + (humidity & 0xff)/100.0));
../Core/Src/main.c: 7 warnings, 0 errors
linking...
Program Size: Code=20702 RO-data=5134 RW-data=92 ZI-data=3652  
FromELF: creating hex file...
"SmartClock\SmartClock.axf" - 0 Error(s), 7 Warning(s).

<h2>Software Packages used:</h2>

Package Vendor: ARM
                http://www.keil.com/pack/ARM.CMSIS.5.9.0.pack
                ARM.CMSIS.5.9.0
                CMSIS (Common Microcontroller Software Interface Standard)
   * Component: CORE Version: 5.6.0

Package Vendor: Keil
                http://www.keil.com/pack/Keil.STM32F1xx_DFP.2.4.0.pack
                Keil.STM32F1xx_DFP.2.4.0
                STMicroelectronics STM32F1 Series Device Support, Drivers and Examples

<h2>Collection of Component include folders:</h2>
  .\RTE\_SmartClock
  C:\Users\xq123\AppData\Local\Arm\Packs\ARM\CMSIS\5.9.0\CMSIS\Core\Include
  C:\Users\xq123\AppData\Local\Arm\Packs\Keil\STM32F1xx_DFP\2.4.0\Device\Include

<h2>Collection of Component Files used:</h2>

   * Component: ARM::CMSIS:CORE:5.6.0
      Include file:  CMSIS\Core\Include\tz_context.h
Build Time Elapsed:  00:00:02
</pre>
</body>
</html>
